 ProjSoftware

 Timestamp is 45108837 (Tue Sep 19 21:15:51 2006)

 Preferred load address is 00400000

 Start         Length     Name                   Class
 0001:00000000 00042b29H .textbss                DATA
 0002:00000000 0008889eH .text                   CODE
 0002:000888a0 00002993H .text$x                 CODE
 0002:0008b240 00001084H .text$yc                CODE
 0002:0008c2d0 000010acH .text$yd                CODE
 0003:00000000 00000104H .CRT$XCA                DATA
 0003:00000104 00000104H .CRT$XCC                DATA
 0003:00000208 00000104H .CRT$XCU                DATA
 0003:0000030c 00000104H .CRT$XCZ                DATA
 0003:00000410 00000104H .CRT$XIA                DATA
 0003:00000514 00000118H .CRT$XIC                DATA
 0003:0000062c 00000104H .CRT$XIY                DATA
 0003:00000730 00000104H .CRT$XIZ                DATA
 0003:00000834 00000104H .CRT$XPA                DATA
 0003:00000938 00000109H .CRT$XPX                DATA
 0003:00000a44 00000104H .CRT$XPXA               DATA
 0003:00000b48 00000104H .CRT$XPZ                DATA
 0003:00000c4c 00000104H .CRT$XTA                DATA
 0003:00000d50 00000104H .CRT$XTB                DATA
 0003:00000e54 00000104H .CRT$XTZ                DATA
 0003:00000f60 00012f70H .rdata                  DATA
 0003:00013ed0 0000016aH .rdata$debug            DATA
 0003:0001403c 000017eeH .rdata$r                DATA
 0003:0001582c 00000104H .rtc$IAA                DATA
 0003:00015930 00000148H .rtc$IMZ                DATA
 0003:00015a78 00000104H .rtc$IZZ                DATA
 0003:00015b7c 00000104H .rtc$TAA                DATA
 0003:00015c80 00000148H .rtc$TMZ                DATA
 0003:00015dc8 00000104H .rtc$TZZ                DATA
 0003:00015ed0 00002a12H .xdata$x                DATA
 0003:000188e2 00000000H .edata                  DATA
 0004:00000000 000021e6H .data                   DATA
 0004:00002200 00002410H .bss                    DATA
 0005:00000000 0000003cH .idata$2                DATA
 0005:0000003c 00000014H .idata$3                DATA
 0005:00000050 000003f8H .idata$4                DATA
 0005:00000448 000003f8H .idata$5                DATA
 0005:00000840 00001453H .idata$6                DATA
 0006:00000000 00000169H .rsrc$01                DATA
 0006:00000170 00000a99H .rsrc$02                DATA

  Address         Publics by Value              Rva+Base       Lib:Object

 0000:00000000       ___safe_se_handler_table   00000000     <absolute>
 0000:00000000       __except_list              00000000     <absolute>
 0000:00000000       ___safe_se_handler_count   00000000     <absolute>
 0000:00000000       ___ImageBase               00400000     <linker-defined>
 0001:00000000       __enc$textbss$begin        00401000     <linker-defined>
 0001:00042b29       __enc$textbss$end          00443b29     <linker-defined>
 0002:00004680       ??0ArmorKing@@QAE@HHHH@Z   00448680 f   armorking.obj
 0002:00004950       ??0Sprite@@QAE@H@Z         00448950 f i armorking.obj
 0002:00004a10       ?loadFrame@Sprite@@QAEXPAD@Z 00448a10 f i armorking.obj
 0002:00004ae0       ??0Heroi@@QAE@HHHH@Z       00448ae0 f i armorking.obj
 0002:00004b90       ?setSprite@Heroi@@QAEXPAVSprite@@@Z 00448b90 f i armorking.obj
 0002:00004be0       ?acao@ArmorKing@@UAEXH@Z   00448be0 f   armorking.obj
 0002:00004e50       ?setFrame@Sprite@@QAEXH@Z  00448e50 f i armorking.obj
 0002:00004ea0       ?getVy@Heroi@@QAEHXZ       00448ea0 f i armorking.obj
 0002:00004ee0       ?setVy@Heroi@@QAEXH@Z      00448ee0 f i armorking.obj
 0002:00004f30       ?incPx@Heroi@@QAEXH@Z      00448f30 f i armorking.obj
 0002:00004f80       ?getDirecao@Heroi@@QAEHXZ  00448f80 f i armorking.obj
 0002:00004fc0       ?setDirecao@Heroi@@QAEXH@Z 00448fc0 f i armorking.obj
 0002:00005010       ?getEstado@Heroi@@QAEHXZ   00449010 f i armorking.obj
 0002:00005050       ?setEstado@Heroi@@QAEXH@Z  00449050 f i armorking.obj
 0002:000050a0       ?getSprite@Heroi@@QAEPAVSprite@@XZ 004490a0 f i armorking.obj
 0002:000050e0       ?update@ArmorKing@@UAEXPAVCenario@@@Z 004490e0 f   armorking.obj
 0002:00005340       ?incPy@Heroi@@QAEXH@Z      00449340 f i armorking.obj
 0002:00005390       ?incVy@Heroi@@QAEXH@Z      00449390 f i armorking.obj
 0002:000053e0       ?getSangue@Heroi@@QAEHXZ   004493e0 f i armorking.obj
 0002:00005420       ??0Cenario@@QAE@PAD00@Z    00449420 f   cenario.obj
 0002:00005670       ??1Cenario@@QAE@XZ         00449670 f   cenario.obj
 0002:000057b0       ??_GSprite@@QAEPAXI@Z      004497b0 f i cenario.obj
 0002:00005820       ?getFundo@Cenario@@QAEPAVSprite@@XZ 00449820 f   cenario.obj
 0002:00005860       ?getCenario1@Cenario@@QAEPAVSprite@@XZ 00449860 f   cenario.obj
 0002:000058a0       ?getCenario2@Cenario@@QAEPAVSprite@@XZ 004498a0 f   cenario.obj
 0002:000058e0       ?setPx@Cenario@@QAEXH@Z    004498e0 f   cenario.obj
 0002:00005930       ?draw_fundoCenario@Cenario@@QAEXPAVSprite@@@Z 00449930 f   cenario.obj
 0002:00005a00       ?getLargura@Sprite@@QAEHXZ 00449a00 f i cenario.obj
 0002:00005a50       ?getAltura@Sprite@@QAEHXZ  00449a50 f i cenario.obj
 0002:00005aa0       ?draw@Sprite@@QAEXPAV1@HHHHHH@Z 00449aa0 f i cenario.obj
 0002:00005b50       ?draw_frenteCenario@Cenario@@QAEXPAVSprite@@@Z 00449b50 f   cenario.obj
 0002:00005bd0       ??0Controlador@@QAE@XZ     00449bd0 f   controlador.obj
 0002:00006110       ??1Controlador@@QAE@XZ     0044a110 f   controlador.obj
 0002:000062b0       ?carregarFase@Controlador@@QAEXPADH@Z 0044a2b0 f   controlador.obj
 0002:00007330       ?reset@Heroi@@QAEXXZ       0044b330 f i controlador.obj
 0002:000073c0       ?getNumVidas@Heroi@@QAEHXZ 0044b3c0 f i controlador.obj
 0002:00007400       ?setNumVidas@Heroi@@QAEXH@Z 0044b400 f i controlador.obj
 0002:00007450       ??0Charade@@QAE@HHHHHH@Z   0044b450 f i controlador.obj
 0002:00007620       ?setDirecao@Inimigo@@QAEXH@Z 0044b620 f i controlador.obj
 0002:00007670       ?setTipoInimigo@Inimigo@@QAEXH@Z 0044b670 f i controlador.obj
 0002:000076c0       ?setSprite@Inimigo@@QAEXPAVSprite@@@Z 0044b6c0 f i controlador.obj
 0002:00007710       ?update@Charade@@UAEXPAVCenario@@PAVHeroi@@@Z 0044b710 f i controlador.obj
 0002:000077e0       ?incPx@Inimigo@@QAEXH@Z    0044b7e0 f i controlador.obj
 0002:00007830       ?getDirecao@Inimigo@@QAEHXZ 0044b830 f i controlador.obj
 0002:00007870       ?getSprite@Inimigo@@QAEPAVSprite@@XZ 0044b870 f i controlador.obj
 0002:000078b0       ??0Raptor@@QAE@HHHHH@Z     0044b8b0 f i controlador.obj
 0002:00007ad0       ?update@Raptor@@UAEXPAVCenario@@PAVHeroi@@@Z 0044bad0 f i controlador.obj
 0002:00007c60       ??0Hiryuu@@QAE@HHHHH@Z     0044bc60 f i controlador.obj
 0002:00007ed0       ?update@Hiryuu@@UAEXPAVCenario@@PAVHeroi@@@Z 0044bed0 f i controlador.obj
 0002:00008120       ?getPx@Heroi@@QAEHXZ       0044c120 f i controlador.obj
 0002:00008160       ?getPx@Inimigo@@QAEHXZ     0044c160 f i controlador.obj
 0002:000081a0       ??0Ginzu@@QAE@HHHH@Z       0044c1a0 f i controlador.obj
 0002:000083d0       ?update@Ginzu@@UAEXPAVCenario@@PAVHeroi@@@Z 0044c3d0 f i controlador.obj
 0002:00008750       ?getLargura@Heroi@@QAEHXZ  0044c750 f i controlador.obj
 0002:000087b0       ?getPy@Heroi@@QAEHXZ       0044c7b0 f i controlador.obj
 0002:000087f0       ?setPx@Inimigo@@QAEXH@Z    0044c7f0 f i controlador.obj
 0002:00008840       ?getPy@Inimigo@@QAEHXZ     0044c840 f i controlador.obj
 0002:00008880       ?setPy@Inimigo@@QAEXH@Z    0044c880 f i controlador.obj
 0002:000088d0       ??0Morte@@QAE@HHHH@Z       0044c8d0 f i controlador.obj
 0002:00008a50       ?update@Morte@@UAEXPAVCenario@@PAVHeroi@@@Z 0044ca50 f i controlador.obj
 0002:00008bf0       ??0Lobo@@QAE@HHHHHH@Z      0044cbf0 f i controlador.obj
 0002:00008dc0       ?update@Lobo@@UAEXPAVCenario@@PAVHeroi@@@Z 0044cdc0 f i controlador.obj
 0002:00008e90       ??0Ogre@@QAE@HHHH@Z        0044ce90 f i controlador.obj
 0002:000090a0       ?update@Ogre@@UAEXPAVCenario@@PAVHeroi@@@Z 0044d0a0 f i controlador.obj
 0002:00009310       ??0Sam@@QAE@HHHHH@Z        0044d310 f i controlador.obj
 0002:000095f0       ?update@Sam@@UAEXPAVCenario@@PAVHeroi@@@Z 0044d5f0 f i controlador.obj
 0002:00009840       ??0Heihachi@@QAE@HHHH@Z    0044d840 f i controlador.obj
 0002:00009ac0       ?update@Heihachi@@UAEXPAVCenario@@PAVHeroi@@@Z 0044dac0 f i controlador.obj
 0002:00009d30       ??0Valkirie@@QAE@HHHHHH@Z  0044dd30 f i controlador.obj
 0002:00009fe0       ?update@Valkirie@@UAEXPAVCenario@@PAVHeroi@@@Z 0044dfe0 f i controlador.obj
 0002:0000a1d0       ??0Imp@@QAE@HHHH@Z         0044e1d0 f i controlador.obj
 0002:0000a3a0       ?update@Imp@@UAEXPAVCenario@@PAVHeroi@@@Z 0044e3a0 f i controlador.obj
 0002:0000a510       ??0Boss@@QAE@HHHH@Z        0044e510 f i controlador.obj
 0002:0000a710       ?update@Boss@@UAEXPAVCenario@@PAVHeroi@@@Z 0044e710 f i controlador.obj
 0002:0000a8d0       ?reagirTecla@Controlador@@QAEXHH@Z 0044e8d0 f   controlador.obj
 0002:0000a980       ?colidirInimigo@@YAHPAVHeroi@@PAVInimigo@@@Z 0044e980 f   controlador.obj
 0002:0000b220       ?getPixel@Sprite@@QAEHHH@Z 0044f220 f i controlador.obj
 0002:0000b2a0       ?getAltura@Heroi@@QAEHXZ   0044f2a0 f i controlador.obj
 0002:0000b300       ?getMasks@Heroi@@QAEPAVSprite@@XZ 0044f300 f i controlador.obj
 0002:0000b340       ?getAltura@Inimigo@@QAEHXZ 0044f340 f i controlador.obj
 0002:0000b3a0       ?getLargura@Inimigo@@QAEHXZ 0044f3a0 f i controlador.obj
 0002:0000b400       ?update@Controlador@@QAEHXZ 0044f400 f   controlador.obj
 0002:0000bc20       ?getPx@Cenario@@QAEHXZ     0044fc20 f i controlador.obj
 0002:0000bc60       ?setWaiting@Heroi@@QAEXH@Z 0044fc60 f i controlador.obj
 0002:0000bcb0       ?getWaiting@Heroi@@QAEHXZ  0044fcb0 f i controlador.obj
 0002:0000bcf0       ?setSangue@Heroi@@QAEXH@Z  0044fcf0 f i controlador.obj
 0002:0000bd40       ?incSangue@Heroi@@QAEXH@Z  0044fd40 f i controlador.obj
 0002:0000bd90       ?getTipoHeroi@Heroi@@QAEHXZ 0044fd90 f i controlador.obj
 0002:0000bdd0       ?setWaiting@Inimigo@@QAEXH@Z 0044fdd0 f i controlador.obj
 0002:0000be20       ?getWaiting@Inimigo@@QAEHXZ 0044fe20 f i controlador.obj
 0002:0000be60       ?getSangue@Inimigo@@QAEHXZ 0044fe60 f i controlador.obj
 0002:0000bea0       ?setSangue@Inimigo@@QAEXH@Z 0044fea0 f i controlador.obj
 0002:0000bef0       ?getPx@Item@@QAEHXZ        0044fef0 f i controlador.obj
 0002:0000bf30       ?getPy@Item@@QAEHXZ        0044ff30 f i controlador.obj
 0002:0000bf70       ?getLargura@Item@@QAEHXZ   0044ff70 f i controlador.obj
 0002:0000bfd0       ?getAltura@Item@@QAEHXZ    0044ffd0 f i controlador.obj
 0002:0000c030       ?gettipoItem@Item@@QAEHXZ  00450030 f i controlador.obj
 0002:0000c070       ?draw@Controlador@@QAEXPAVSprite@@@Z 00450070 f   controlador.obj
 0002:0000c460       ?draw@Sprite@@QAEXPAV1@HH@Z 00450460 f i controlador.obj
 0002:0000c4f0       ?fillRect@Sprite@@QAEXHHHHH@Z 004504f0 f i controlador.obj
 0002:0000c590       ?makeColor@Sprite@@SAHHHH@Z 00450590 f i controlador.obj
 0002:0000c600       ?getStamina@Heroi@@QAEHXZ  00450600 f i controlador.obj
 0002:0000c640       ?draw@Inimigo@@QAEXPAVSprite@@HH@Z 00450640 f i controlador.obj
 0002:0000c710       ?draw_h_flip@Sprite@@QAEXPAV1@HH@Z 00450710 f i controlador.obj
 0002:0000c7a0       ?getSprite@Item@@QAEPAVSprite@@XZ 004507a0 f i controlador.obj
 0002:0000c7e0       ?finalizarFase@Controlador@@QAEXXZ 004507e0 f   controlador.obj
 0002:0000c990       ??_GCenario@@QAEPAXI@Z     00450990 f i controlador.obj
 0002:0000ca00       ??0Felicia@@QAE@HHHH@Z     00450a00 f   felicia.obj
 0002:0000ced0       ?setTipoHeroi@Heroi@@QAEXH@Z 00450ed0 f i felicia.obj
 0002:0000cf20       ?setMasks@Heroi@@QAEXPAVSprite@@@Z 00450f20 f i felicia.obj
 0002:0000cf70       ?acao@Felicia@@UAEXH@Z     00450f70 f   felicia.obj
 0002:0000d260       ?incStamina@Heroi@@QAEXH@Z 00451260 f i felicia.obj
 0002:0000d2b0       ?update@Felicia@@UAEXPAVCenario@@@Z 004512b0 f   felicia.obj
 0002:0000d640       ?getStepAtual@Sprite@@QAEHXZ 00451640 f i felicia.obj
 0002:0000d680       ?draw@Heroi@@QAEXPAVSprite@@HH@Z 00451680 f   heroi.obj
 0002:0000d750       ?testeColisaoChao@Heroi@@QAE_NPAVCenario@@@Z 00451750 f   heroi.obj
 0002:0000d870       ?testeColisaoParede@Heroi@@QAE_NPAVCenario@@@Z 00451870 f   heroi.obj
 0002:0000d9a0       ??1_Marshaller_InfoHeroi@@UAE@XZ 004519a0 f   idl.obj
 0002:0000da00       ??_G_Marshaller_InfoHeroi@@UAEPAXI@Z 00451a00 f i idl.obj
 0002:0000da00       ??_E_Marshaller_InfoHeroi@@UAEPAXI@Z 00451a00 f i idl.obj
 0002:0000da70       ?create@_Marshaller_InfoHeroi@@UBEPAXXZ 00451a70 f   idl.obj
 0002:0000dad0       ?assign@_Marshaller_InfoHeroi@@UBEXPAXQAX@Z 00451ad0 f   idl.obj
 0002:0000db30       ?free@_Marshaller_InfoHeroi@@UBEXPAX@Z 00451b30 f   idl.obj
 0002:0000dba0       ?demarshal@_Marshaller_InfoHeroi@@UBEEAAVDataDecoder@CORBA@@PAX@Z 00451ba0 f   idl.obj
 0002:0000dee0       ?marshal@_Marshaller_InfoHeroi@@UBEXAAVDataEncoder@CORBA@@PAX@Z 00451ee0 f   idl.obj
 0002:0000e180       ??1_Marshaller_InfoInimigo@@UAE@XZ 00452180 f   idl.obj
 0002:0000e1e0       ??_E_Marshaller_InfoInimigo@@UAEPAXI@Z 004521e0 f i idl.obj
 0002:0000e1e0       ??_G_Marshaller_InfoInimigo@@UAEPAXI@Z 004521e0 f i idl.obj
 0002:0000e250       ?create@_Marshaller_InfoInimigo@@UBEPAXXZ 00452250 f   idl.obj
 0002:0000e2b0       ?assign@_Marshaller_InfoInimigo@@UBEXPAXQAX@Z 004522b0 f   idl.obj
 0002:0000e300       ?free@_Marshaller_InfoInimigo@@UBEXPAX@Z 00452300 f   idl.obj
 0002:0000e370       ?demarshal@_Marshaller_InfoInimigo@@UBEEAAVDataDecoder@CORBA@@PAX@Z 00452370 f   idl.obj
 0002:0000e5b0       ?marshal@_Marshaller_InfoInimigo@@UBEXAAVDataEncoder@CORBA@@PAX@Z 004525b0 f   idl.obj
 0002:0000e780       ??1_Marshaller_InfoItem@@UAE@XZ 00452780 f   idl.obj
 0002:0000e7e0       ??_E_Marshaller_InfoItem@@UAEPAXI@Z 004527e0 f i idl.obj
 0002:0000e7e0       ??_G_Marshaller_InfoItem@@UAEPAXI@Z 004527e0 f i idl.obj
 0002:0000e850       ?create@_Marshaller_InfoItem@@UBEPAXXZ 00452850 f   idl.obj
 0002:0000e8b0       ?assign@_Marshaller_InfoItem@@UBEXPAXQAX@Z 004528b0 f   idl.obj
 0002:0000e900       ?free@_Marshaller_InfoItem@@UBEXPAX@Z 00452900 f   idl.obj
 0002:0000e970       ?demarshal@_Marshaller_InfoItem@@UBEEAAVDataDecoder@CORBA@@PAX@Z 00452970 f   idl.obj
 0002:0000eae0       ?marshal@_Marshaller_InfoItem@@UBEXAAVDataEncoder@CORBA@@PAX@Z 00452ae0 f   idl.obj
 0002:0000ec10       ??1_Marshaller_InfoFase@@UAE@XZ 00452c10 f   idl.obj
 0002:0000ec70       ??_E_Marshaller_InfoFase@@UAEPAXI@Z 00452c70 f i idl.obj
 0002:0000ec70       ??_G_Marshaller_InfoFase@@UAEPAXI@Z 00452c70 f i idl.obj
 0002:0000ece0       ?create@_Marshaller_InfoFase@@UBEPAXXZ 00452ce0 f   idl.obj
 0002:0000edd0       ??0InfoFase@@QAE@XZ        00452dd0 f i idl.obj
 0002:0000ee80       ?assign@_Marshaller_InfoFase@@UBEXPAXQAX@Z 00452e80 f   idl.obj
 0002:0000eee0       ??4InfoFase@@QAEAAU0@ABU0@@Z 00452ee0 f i idl.obj
 0002:0000eff0       ?free@_Marshaller_InfoFase@@UBEXPAX@Z 00452ff0 f   idl.obj
 0002:0000f090       ??_GInfoFase@@QAEPAXI@Z    00453090 f i idl.obj
 0002:0000f100       ??1InfoFase@@QAE@XZ        00453100 f i idl.obj
 0002:0000f1b0       ?demarshal@_Marshaller_InfoFase@@UBEEAAVDataDecoder@CORBA@@PAX@Z 004531b0 f   idl.obj
 0002:0000f4a0       ?marshal@_Marshaller_InfoFase@@UBEXAAVDataEncoder@CORBA@@PAX@Z 004534a0 f   idl.obj
 0002:0000f700       ??1_Marshaller_InfoInicial@@UAE@XZ 00453700 f   idl.obj
 0002:0000f760       ??_E_Marshaller_InfoInicial@@UAEPAXI@Z 00453760 f i idl.obj
 0002:0000f760       ??_G_Marshaller_InfoInicial@@UAEPAXI@Z 00453760 f i idl.obj
 0002:0000f7d0       ?create@_Marshaller_InfoInicial@@UBEPAXXZ 004537d0 f   idl.obj
 0002:0000f8c0       ??0InfoInicial@@QAE@XZ     004538c0 f i idl.obj
 0002:0000f970       ?assign@_Marshaller_InfoInicial@@UBEXPAXQAX@Z 00453970 f   idl.obj
 0002:0000f9d0       ??4InfoInicial@@QAEAAU0@ABU0@@Z 004539d0 f i idl.obj
 0002:0000fac0       ?free@_Marshaller_InfoInicial@@UBEXPAX@Z 00453ac0 f   idl.obj
 0002:0000fb60       ??_GInfoInicial@@QAEPAXI@Z 00453b60 f i idl.obj
 0002:0000fbd0       ??1InfoInicial@@QAE@XZ     00453bd0 f i idl.obj
 0002:0000fc80       ?demarshal@_Marshaller_InfoInicial@@UBEEAAVDataDecoder@CORBA@@PAX@Z 00453c80 f   idl.obj
 0002:0000fef0       ?marshal@_Marshaller_InfoInicial@@UBEXAAVDataEncoder@CORBA@@PAX@Z 00453ef0 f   idl.obj
 0002:000100e0       ??1InterfaceServidor@@UAE@XZ 004540e0 f   idl.obj
 0002:00010160       ?_narrow_helper@InterfaceServidor@@UAEPAXPBD@Z 00454160 f   idl.obj
 0002:000101d0       ?_narrow@InterfaceServidor@@SAPAV1@PAVObject@CORBA@@@Z 004541d0 f   idl.obj
 0002:00010410       ?_repoid@Object@CORBA@@QAEPBDXZ 00454410 f i idl.obj
 0002:00010490       ?_duplicate@InterfaceServidor@@SAPAV1@PAV1@@Z 00454490 f i idl.obj
 0002:00010520       ?_duplicate@Object@CORBA@@SAPAV12@PAV12@@Z 00454520 f i idl.obj
 0002:00010580       ?_nil@InterfaceServidor@@SAPAV1@XZ 00454580 f i idl.obj
 0002:000105b0       ??0InterfaceServidor_stub@@QAE@XZ 004545b0 f i idl.obj
 0002:00010710       ??0InterfaceServidor@@IAE@XZ 00454710 f i idl.obj
 0002:000107f0       ?_narrow@InterfaceServidor@@SAPAV1@PAVAbstractBase@CORBA@@@Z 004547f0 f   idl.obj
 0002:00010860       ??1_Marshaller_InterfaceServidor@@UAE@XZ 00454860 f   idl.obj
 0002:000108c0       ??_G_Marshaller_InterfaceServidor@@UAEPAXI@Z 004548c0 f i idl.obj
 0002:000108c0       ??_E_Marshaller_InterfaceServidor@@UAEPAXI@Z 004548c0 f i idl.obj
 0002:00010930       ?create@_Marshaller_InterfaceServidor@@UBEPAXXZ 00454930 f   idl.obj
 0002:000109d0       ?assign@_Marshaller_InterfaceServidor@@UBEXPAXQAX@Z 004549d0 f   idl.obj
 0002:00010a30       ?free@_Marshaller_InterfaceServidor@@UBEXPAX@Z 00454a30 f   idl.obj
 0002:00010bb0       ?release@_Marshaller_InterfaceServidor@@UBEXPAX@Z 00454bb0 f   idl.obj
 0002:00010c50       ?demarshal@_Marshaller_InterfaceServidor@@UBEEAAVDataDecoder@CORBA@@PAX@Z 00454c50 f   idl.obj
 0002:00010dd0       ?marshal@_Marshaller_InterfaceServidor@@UBEXAAVDataEncoder@CORBA@@PAX@Z 00454dd0 f   idl.obj
 0002:00010ed0       ??1InterfaceServidor_stub@@UAE@XZ 00454ed0 f   idl.obj
 0002:00010f80       ?_narrow_helper@POA_InterfaceServidor@@UAEPAXPBD@Z 00454f80 f   idl.obj
 0002:00010ff0       ?_narrow@POA_InterfaceServidor@@SAPAV1@PAVServantBase@PortableServer@@@Z 00454ff0 f   idl.obj
 0002:00011080       ??0InterfaceServidor_stub_clp@@IAE@XZ 00455080 f   idl.obj
 0002:00011270       ??0InterfaceServidor_stub_clp@@QAE@PAVPOA@PortableServer@@PAVObject@CORBA@@@Z 00455270 f   idl.obj
 0002:00011460       ??1InterfaceServidor_stub_clp@@UAE@XZ 00455460 f   idl.obj
 0002:00011510       ?getInfoInicial@InterfaceServidor_stub@@UAEPAUInfoInicial@@XZ 00455510 f   idl.obj
 0002:000116d0       ??0StaticAny@CORBA@@QAE@PAVStaticTypeInfo@1@PBXE@Z 004556d0 f i idl.obj
 0002:00011730       ?set_result@StaticRequest@CORBA@@QAEXPAVStaticAny@2@@Z 00455730 f i idl.obj
 0002:00011970       ?value@StaticAny@CORBA@@QAEPAXXZ 00455970 f i idl.obj
 0002:00011a10       ?getInfoInicial@InterfaceServidor_stub_clp@@UAEPAUInfoInicial@@XZ 00455a10 f   idl.obj
 0002:00011c10       ?getInfoFase@InterfaceServidor_stub@@UAEPAUInfoFase@@XZ 00455c10 f   idl.obj
 0002:00011dd0       ?getInfoFase@InterfaceServidor_stub_clp@@UAEPAUInfoFase@@XZ 00455dd0 f   idl.obj
 0002:00011fd0       ?reagirTecla@InterfaceServidor_stub@@UAEXE@Z 00455fd0 f   idl.obj
 0002:00012180       ?reagirTecla@InterfaceServidor_stub_clp@@UAEXE@Z 00456180 f   idl.obj
 0002:00012370       ??1_Marshaller__seq_InfoInimigo@@UAE@XZ 00456370 f   idl.obj
 0002:000123d0       ??_G_Marshaller__seq_InfoInimigo@@UAEPAXI@Z 004563d0 f i idl.obj
 0002:000123d0       ??_E_Marshaller__seq_InfoInimigo@@UAEPAXI@Z 004563d0 f i idl.obj
 0002:00012440       ?create@_Marshaller__seq_InfoInimigo@@UBEPAXXZ 00456440 f   idl.obj
 0002:00012530       ?assign@_Marshaller__seq_InfoInimigo@@UBEXPAXQAX@Z 00456530 f   idl.obj
 0002:00012590       ?free@_Marshaller__seq_InfoInimigo@@UBEXPAX@Z 00456590 f   idl.obj
 0002:00012630       ??_G?$SequenceTmpl@UInfoInimigo@@$0A@@@QAEPAXI@Z 00456630 f i idl.obj
 0002:000126a0       ?demarshal@_Marshaller__seq_InfoInimigo@@UBEEAAVDataDecoder@CORBA@@PAX@Z 004566a0 f   idl.obj
 0002:000127f0       ?marshal@_Marshaller__seq_InfoInimigo@@UBEXAAVDataEncoder@CORBA@@PAX@Z 004567f0 f   idl.obj
 0002:000128f0       ??1_Marshaller__seq_InfoItem@@UAE@XZ 004568f0 f   idl.obj
 0002:00012950       ??_E_Marshaller__seq_InfoItem@@UAEPAXI@Z 00456950 f i idl.obj
 0002:00012950       ??_G_Marshaller__seq_InfoItem@@UAEPAXI@Z 00456950 f i idl.obj
 0002:000129c0       ?create@_Marshaller__seq_InfoItem@@UBEPAXXZ 004569c0 f   idl.obj
 0002:00012ab0       ?assign@_Marshaller__seq_InfoItem@@UBEXPAXQAX@Z 00456ab0 f   idl.obj
 0002:00012b10       ?free@_Marshaller__seq_InfoItem@@UBEXPAX@Z 00456b10 f   idl.obj
 0002:00012bb0       ??_G?$SequenceTmpl@UInfoItem@@$0A@@@QAEPAXI@Z 00456bb0 f i idl.obj
 0002:00012c20       ?demarshal@_Marshaller__seq_InfoItem@@UBEEAAVDataDecoder@CORBA@@PAX@Z 00456c20 f   idl.obj
 0002:00012d70       ?marshal@_Marshaller__seq_InfoItem@@UBEXAAVDataEncoder@CORBA@@PAX@Z 00456d70 f   idl.obj
 0002:00012e70       ??1POA_InterfaceServidor@@UAE@XZ 00456e70 f   idl.obj
 0002:00012f30       ?_this@POA_InterfaceServidor@@QAEPAVInterfaceServidor@@XZ 00456f30 f   idl.obj
 0002:00013050       ?_is_a@POA_InterfaceServidor@@UAEEPBD@Z 00457050 f   idl.obj
 0002:000130c0       ?_get_interface@POA_InterfaceServidor@@UAEPAVInterfaceDef@CORBA@@XZ 004570c0 f   idl.obj
 0002:00013210       ?_primary_interface@POA_InterfaceServidor@@UAEPADABV?$SequenceTmpl@E$02@@PAVPOA@PortableServer@@@Z 00457210 f   idl.obj
 0002:00013270       ?_make_stub@POA_InterfaceServidor@@UAEPAVObject@CORBA@@PAVPOA@PortableServer@@PAV23@@Z 00457270 f   idl.obj
 0002:000133b0       ?dispatch@POA_InterfaceServidor@@QAE_NPAVStaticServerRequest@CORBA@@@Z 004573b0 f   idl.obj
 0002:00013a20       ??CSystemException@CORBA@@QAEPAV01@XZ 00457a20 f i idl.obj
 0002:00013a60       ?op_name@StaticServerRequest@CORBA@@QAEPBDXZ 00457a60 f i idl.obj
 0002:00013ad0       ?set_result@StaticServerRequest@CORBA@@QAEXPAVStaticAny@2@@Z 00457ad0 f i idl.obj
 0002:00013b20       ?set_exception@StaticServerRequest@CORBA@@QAEXPAVException@2@@Z 00457b20 f i idl.obj
 0002:00013b80       ?invoke@POA_InterfaceServidor@@UAEXPAVStaticServerRequest@CORBA@@@Z 00457b80 f   idl.obj
 0002:00013cb0       ?allocate@?$_DebugHeapAllocator@D@std@@QAAPADIPBX@Z 00457cb0 f i idl.obj
 0002:00013d70       ??0bad_alloc@std@@QAE@PBD@Z 00457d70 f i idl.obj
 0002:00013de0       ??1bad_alloc@std@@UAE@XZ   00457de0 f i idl.obj
 0002:00013e40       ??_Ebad_alloc@std@@UAEPAXI@Z 00457e40 f i idl.obj
 0002:00013e40       ??_Gbad_alloc@std@@UAEPAXI@Z 00457e40 f i idl.obj
 0002:00013eb0       ?allocate@?$_DebugHeapAllocator@D@std@@QAEPADI@Z 00457eb0 f i idl.obj
 0002:00013f70       ?deallocate@?$_DebugHeapAllocator@D@std@@QAEXPADI@Z 00457f70 f i idl.obj
 0002:00013fd0       ??0?$ObjVar@VObject@CORBA@@@@QAE@PAVObject@CORBA@@@Z 00457fd0 f i idl.obj
 0002:00014020       ??1?$ObjVar@VObject@CORBA@@@@QAE@XZ 00458020 f i idl.obj
 0002:00014070       ??B?$ObjVar@VObject@CORBA@@@@QAEPAVObject@CORBA@@XZ 00458070 f i idl.obj
 0002:000140b0       ??0?$SequenceTmpl@UInfoInimigo@@$0A@@@QAE@XZ 004580b0 f i idl.obj
 0002:00014110       ??1?$SequenceTmpl@UInfoInimigo@@$0A@@@QAE@XZ 00458110 f i idl.obj
 0002:00014160       ??4?$SequenceTmpl@UInfoInimigo@@$0A@@@QAEAAV0@ABV0@@Z 00458160 f i idl.obj
 0002:000141c0       ??0?$SequenceTmpl@UInfoItem@@$0A@@@QAE@XZ 004581c0 f i idl.obj
 0002:00014220       ??1?$SequenceTmpl@UInfoItem@@$0A@@@QAE@XZ 00458220 f i idl.obj
 0002:00014270       ??4?$SequenceTmpl@UInfoItem@@$0A@@@QAEAAV0@ABV0@@Z 00458270 f i idl.obj
 0002:000142d0       ??0bad_alloc@std@@QAE@ABV01@@Z 004582d0 f i idl.obj
 0002:00014340       ??0?$_DebugHeapAllocator@D@std@@QAE@XZ 00458340 f i idl.obj
 0002:000143a0       ??0?$_DebugHeapAllocator@D@std@@QAE@ABV01@@Z 004583a0 f i idl.obj
 0002:00014400       ??0?$allocator@D@std@@QAE@XZ 00458400 f i idl.obj
 0002:00014440       ??0?$allocator@D@std@@QAE@ABV01@@Z 00458440 f i idl.obj
 0002:00014480       ??0?$vector@UInfoInimigo@@V?$allocator@UInfoInimigo@@@std@@@std@@QAE@XZ 00458480 f i idl.obj
 0002:00014540       ??1?$vector@UInfoInimigo@@V?$allocator@UInfoInimigo@@@std@@@std@@QAE@XZ 00458540 f i idl.obj
 0002:000145e0       ??4?$vector@UInfoInimigo@@V?$allocator@UInfoInimigo@@@std@@@std@@QAEAAV01@ABV01@@Z 004585e0 f i idl.obj
 0002:00014800       ?_Orphan_all@_Container_base@std@@QBEXXZ 00458800 f i idl.obj
 0002:000148e0       ??0?$vector@UInfoItem@@V?$allocator@UInfoItem@@@std@@@std@@QAE@XZ 004588e0 f i idl.obj
 0002:000149a0       ??1?$vector@UInfoItem@@V?$allocator@UInfoItem@@@std@@@std@@QAE@XZ 004589a0 f i idl.obj
 0002:00014a40       ??4?$vector@UInfoItem@@V?$allocator@UInfoItem@@@std@@@std@@QAEAAV01@ABV01@@Z 00458a40 f i idl.obj
 0002:00014c70       ??1?$_Vector_val@UInfoInimigo@@V?$allocator@UInfoInimigo@@@std@@@std@@QAE@XZ 00458c70 f i idl.obj
 0002:00014cc0       ??1_Container_base@std@@QAE@XZ 00458cc0 f i idl.obj
 0002:00014d10       ??1?$_Vector_val@UInfoItem@@V?$allocator@UInfoItem@@@std@@@std@@QAE@XZ 00458d10 f i idl.obj
 0002:00014d60       ?capacity@?$vector@UInfoInimigo@@V?$allocator@UInfoInimigo@@@std@@@std@@QBEIXZ 00458d60 f i idl.obj
 0002:00014dd0       ?size@?$vector@UInfoInimigo@@V?$allocator@UInfoInimigo@@@std@@@std@@QBEIXZ 00458dd0 f i idl.obj
 0002:00014e40       ?clear@?$vector@UInfoInimigo@@V?$allocator@UInfoInimigo@@@std@@@std@@QAEXXZ 00458e40 f i idl.obj
 0002:00014f50       ?_Buy@?$vector@UInfoInimigo@@V?$allocator@UInfoInimigo@@@std@@@std@@IAE_NI@Z 00458f50 f i idl.obj
 0002:00015030       ?_Destroy@?$vector@UInfoInimigo@@V?$allocator@UInfoInimigo@@@std@@@std@@IAEXPAUInfoInimigo@@0@Z 00459030 f i idl.obj
 0002:000150a0       ?_Tidy@?$vector@UInfoInimigo@@V?$allocator@UInfoInimigo@@@std@@@std@@IAEXXZ 004590a0 f i idl.obj
 0002:00015170       ??0?$_Vector_val@UInfoInimigo@@V?$allocator@UInfoInimigo@@@std@@@std@@IAE@V?$allocator@UInfoInimigo@@@1@@Z 00459170 f i idl.obj
 0002:000151e0       ??0_Container_base@std@@QAE@XZ 004591e0 f i idl.obj
 0002:00015230       ??0?$allocator@UInfoInimigo@@@std@@QAE@XZ 00459230 f i idl.obj
 0002:00015270       ?deallocate@?$allocator@UInfoInimigo@@@std@@QAEXPAUInfoInimigo@@I@Z 00459270 f i idl.obj
 0002:000152d0       ?capacity@?$vector@UInfoItem@@V?$allocator@UInfoItem@@@std@@@std@@QBEIXZ 004592d0 f i idl.obj
 0002:00015350       ?size@?$vector@UInfoItem@@V?$allocator@UInfoItem@@@std@@@std@@QBEIXZ 00459350 f i idl.obj
 0002:000153d0       ?clear@?$vector@UInfoItem@@V?$allocator@UInfoItem@@@std@@@std@@QAEXXZ 004593d0 f i idl.obj
 0002:000154e0       ?_Buy@?$vector@UInfoItem@@V?$allocator@UInfoItem@@@std@@@std@@IAE_NI@Z 004594e0 f i idl.obj
 0002:000155c0       ?_Destroy@?$vector@UInfoItem@@V?$allocator@UInfoItem@@@std@@@std@@IAEXPAUInfoItem@@0@Z 004595c0 f i idl.obj
 0002:00015630       ?_Tidy@?$vector@UInfoItem@@V?$allocator@UInfoItem@@@std@@@std@@IAEXXZ 00459630 f i idl.obj
 0002:00015700       ??0?$_Vector_val@UInfoItem@@V?$allocator@UInfoItem@@@std@@@std@@IAE@V?$allocator@UInfoItem@@@1@@Z 00459700 f i idl.obj
 0002:00015770       ??0?$allocator@UInfoItem@@@std@@QAE@XZ 00459770 f i idl.obj
 0002:000157b0       ?deallocate@?$allocator@UInfoItem@@@std@@QAEXPAUInfoItem@@I@Z 004597b0 f i idl.obj
 0002:00015810       ??1?$_Vector_iterator@UInfoInimigo@@V?$allocator@UInfoInimigo@@@std@@@std@@QAE@XZ 00459810 f i idl.obj
 0002:00015860       ??1?$_Vector_iterator@UInfoItem@@V?$allocator@UInfoItem@@@std@@@std@@QAE@XZ 00459860 f i idl.obj
 0002:000158b0       ??1?$_Vector_const_iterator@UInfoInimigo@@V?$allocator@UInfoInimigo@@@std@@@std@@QAE@XZ 004598b0 f i idl.obj
 0002:00015900       ??1?$_Vector_const_iterator@UInfoItem@@V?$allocator@UInfoItem@@@std@@@std@@QAE@XZ 00459900 f i idl.obj
 0002:00015950       ??1?$_Ranit@UInfoInimigo@@HPBU1@ABU1@@std@@QAE@XZ 00459950 f i idl.obj
 0002:000159a0       ??1_Iterator_base@std@@QAE@XZ 004599a0 f i idl.obj
 0002:00015a90       ?_Orphan_me@_Iterator_base@std@@QAEXXZ 00459a90 f i idl.obj
 0002:00015b60       ??1?$_Ranit@UInfoItem@@HPBU1@ABU1@@std@@QAE@XZ 00459b60 f i idl.obj
 0002:00015bb0       ?begin@?$vector@UInfoInimigo@@V?$allocator@UInfoInimigo@@@std@@@std@@QAE?AV?$_Vector_iterator@UInfoInimigo@@V?$allocator@UInfoInimigo@@@std@@@2@XZ 00459bb0 f i idl.obj
 0002:00015c40       ?end@?$vector@UInfoInimigo@@V?$allocator@UInfoInimigo@@@std@@@std@@QAE?AV?$_Vector_iterator@UInfoInimigo@@V?$allocator@UInfoInimigo@@@std@@@2@XZ 00459c40 f i idl.obj
 0002:00015cd0       ?max_size@?$vector@UInfoInimigo@@V?$allocator@UInfoInimigo@@@std@@@std@@QBEIXZ 00459cd0 f i idl.obj
 0002:00015d30       ?erase@?$vector@UInfoInimigo@@V?$allocator@UInfoInimigo@@@std@@@std@@QAE?AV?$_Vector_iterator@UInfoInimigo@@V?$allocator@UInfoInimigo@@@std@@@2@V32@0@Z 00459d30 f i idl.obj
 0002:00015ee0       ?_Xlen@?$vector@UInfoInimigo@@V?$allocator@UInfoInimigo@@@std@@@std@@KAXXZ 00459ee0 f i idl.obj
 0002:00015fc0       ??0length_error@std@@QAE@ABV?$basic_string@DU?$char_traits@D@std@@V?$allocator@D@2@@1@@Z 00459fc0 f i idl.obj
 0002:00016030       ??0logic_error@std@@QAE@ABV?$basic_string@DU?$char_traits@D@std@@V?$allocator@D@2@@1@@Z 0045a030 f i idl.obj
 0002:000160f0       ?what@logic_error@std@@UBEPBDXZ 0045a0f0 f i idl.obj
 0002:00016150       ??_Glogic_error@std@@UAEPAXI@Z 0045a150 f i idl.obj
 0002:00016150       ??_Elogic_error@std@@UAEPAXI@Z 0045a150 f i idl.obj
 0002:000161c0       ??1logic_error@std@@UAE@XZ 0045a1c0 f i idl.obj
 0002:00016230       ??1length_error@std@@UAE@XZ 0045a230 f i idl.obj
 0002:00016290       ??_Glength_error@std@@UAEPAXI@Z 0045a290 f i idl.obj
 0002:00016290       ??_Elength_error@std@@UAEPAXI@Z 0045a290 f i idl.obj
 0002:00016300       ??0logic_error@std@@QAE@ABV01@@Z 0045a300 f i idl.obj
 0002:000163d0       ??0?$basic_string@DU?$char_traits@D@std@@V?$allocator@D@2@@std@@QAE@ABV01@@Z 0045a3d0 f i idl.obj
 0002:000164b0       ??0?$basic_string@DU?$char_traits@D@std@@V?$allocator@D@2@@std@@QAE@PBD@Z 0045a4b0 f i idl.obj
 0002:00016580       ??1?$basic_string@DU?$char_traits@D@std@@V?$allocator@D@2@@std@@QAE@XZ 0045a580 f i idl.obj
 0002:00016630       ?c_str@?$basic_string@DU?$char_traits@D@std@@V?$allocator@D@2@@std@@QBEPBDXZ 0045a630 f i idl.obj
 0002:00016680       ??1?$_String_val@DV?$allocator@D@std@@@std@@QAE@XZ 0045a680 f i idl.obj
 0002:000166d0       ??1_String_base@std@@QAE@XZ 0045a6d0 f i idl.obj
 0002:00016720       ?assign@?$basic_string@DU?$char_traits@D@std@@V?$allocator@D@2@@std@@QAEAAV12@ABV12@II@Z 0045a720 f i idl.obj
 0002:00016840       ?size@?$basic_string@DU?$char_traits@D@std@@V?$allocator@D@2@@std@@QBEIXZ 0045a840 f i idl.obj
 0002:00016880       ?assign@?$basic_string@DU?$char_traits@D@std@@V?$allocator@D@2@@std@@QAEAAV12@PBD@Z 0045a880 f i idl.obj
 0002:000168f0       ?length@?$char_traits@D@std@@SAIPBD@Z 0045a8f0 f i idl.obj
 0002:00016940       ?_Tidy@?$basic_string@DU?$char_traits@D@std@@V?$allocator@D@2@@std@@IAEX_NI@Z 0045a940 f i idl.obj
 0002:00016a10       ?_Myptr@?$basic_string@DU?$char_traits@D@std@@V?$allocator@D@2@@std@@IBEPBDXZ 0045aa10 f i idl.obj
 0002:00016a80       ??0?$_String_val@DV?$allocator@D@std@@@std@@IAE@V?$allocator@D@1@@Z 0045aa80 f i idl.obj
 0002:00016af0       ??0_String_base@std@@QAE@XZ 0045aaf0 f i idl.obj
 0002:00016b50       ?assign@?$basic_string@DU?$char_traits@D@std@@V?$allocator@D@2@@std@@QAEAAV12@PBDI@Z 0045ab50 f i idl.obj
 0002:00016c30       ?erase@?$basic_string@DU?$char_traits@D@std@@V?$allocator@D@2@@std@@QAEAAV12@II@Z 0045ac30 f i idl.obj
 0002:00016d20       ?_Eos@?$basic_string@DU?$char_traits@D@std@@V?$allocator@D@2@@std@@IAEXI@Z 0045ad20 f i idl.obj
 0002:00016da0       ?assign@?$char_traits@D@std@@SAXAADABD@Z 0045ada0 f i idl.obj
 0002:00016de0       ?_Grow@?$basic_string@DU?$char_traits@D@std@@V?$allocator@D@2@@std@@IAE_NI_N@Z 0045ade0 f i idl.obj
 0002:00016ee0       ?_Myptr@?$basic_string@DU?$char_traits@D@std@@V?$allocator@D@2@@std@@IAEPADXZ 0045aee0 f i idl.obj
 0002:00016f50       ?deallocate@?$allocator@D@std@@QAEXPADI@Z 0045af50 f i idl.obj
 0002:00016fb0       ??0length_error@std@@QAE@ABV01@@Z 0045afb0 f i idl.obj
 0002:00017020       ?max_size@?$basic_string@DU?$char_traits@D@std@@V?$allocator@D@2@@std@@QBEIXZ 0045b020 f i idl.obj
 0002:000170b0       ?_Copy@?$basic_string@DU?$char_traits@D@std@@V?$allocator@D@2@@std@@IAEXII@Z 0045b0b0 f i idl.obj
 0002:000172d0       ?_Inside@?$basic_string@DU?$char_traits@D@std@@V?$allocator@D@2@@std@@IAE_NPBD@Z 0045b2d0 f i idl.obj
 0002:00017370       ??0?$allocator@UInfoInimigo@@@std@@QAE@ABV01@@Z 0045b370 f i idl.obj
 0002:000173b0       ?allocate@?$allocator@UInfoInimigo@@@std@@QAEPAUInfoInimigo@@I@Z 0045b3b0 f i idl.obj
 0002:00017410       ?begin@?$vector@UInfoItem@@V?$allocator@UInfoItem@@@std@@@std@@QAE?AV?$_Vector_iterator@UInfoItem@@V?$allocator@UInfoItem@@@std@@@2@XZ 0045b410 f i idl.obj
 0002:000174a0       ?end@?$vector@UInfoItem@@V?$allocator@UInfoItem@@@std@@@std@@QAE?AV?$_Vector_iterator@UInfoItem@@V?$allocator@UInfoItem@@@std@@@2@XZ 0045b4a0 f i idl.obj
 0002:00017530       ?max_size@?$vector@UInfoItem@@V?$allocator@UInfoItem@@@std@@@std@@QBEIXZ 0045b530 f i idl.obj
 0002:00017590       ?erase@?$vector@UInfoItem@@V?$allocator@UInfoItem@@@std@@@std@@QAE?AV?$_Vector_iterator@UInfoItem@@V?$allocator@UInfoItem@@@std@@@2@V32@0@Z 0045b590 f i idl.obj
 0002:00017740       ?_Xlen@?$vector@UInfoItem@@V?$allocator@UInfoItem@@@std@@@std@@KAXXZ 0045b740 f i idl.obj
 0002:00017820       ??0?$allocator@UInfoItem@@@std@@QAE@ABV01@@Z 0045b820 f i idl.obj
 0002:00017860       ?allocate@?$allocator@UInfoItem@@@std@@QAEPAUInfoItem@@I@Z 0045b860 f i idl.obj
 0002:000178c0       ?allocate@?$allocator@D@std@@QAEPADI@Z 0045b8c0 f i idl.obj
 0002:00017920       ?max_size@?$allocator@D@std@@QBEIXZ 0045b920 f i idl.obj
 0002:00017990       ?_Orphan_range@?$vector@UInfoInimigo@@V?$allocator@UInfoInimigo@@@std@@@std@@IBEXPAUInfoInimigo@@0@Z 0045b990 f i idl.obj
 0002:00017a90       ?max_size@?$allocator@UInfoInimigo@@@std@@QBEIXZ 0045ba90 f i idl.obj
 0002:00017b00       ?_Orphan_range@?$vector@UInfoItem@@V?$allocator@UInfoItem@@@std@@@std@@IBEXPAUInfoItem@@0@Z 0045bb00 f i idl.obj
 0002:00017c00       ?max_size@?$allocator@UInfoItem@@@std@@QBEIXZ 0045bc00 f i idl.obj
 0002:00017c70       ??0?$_Vector_iterator@UInfoInimigo@@V?$allocator@UInfoInimigo@@@std@@@std@@QAE@PAUInfoInimigo@@PBV_Container_base@1@@Z 0045bc70 f i idl.obj
 0002:00017cd0       ??9?$_Vector_const_iterator@UInfoInimigo@@V?$allocator@UInfoInimigo@@@std@@@std@@QBE_NABV01@@Z 0045bcd0 f i idl.obj
 0002:00017d40       ??M?$_Vector_const_iterator@UInfoInimigo@@V?$allocator@UInfoInimigo@@@std@@@std@@QBE_NABV01@@Z 0045bd40 f i idl.obj
 0002:00017db0       ??0?$_Vector_iterator@UInfoItem@@V?$allocator@UInfoItem@@@std@@@std@@QAE@PAUInfoItem@@PBV_Container_base@1@@Z 0045bdb0 f i idl.obj
 0002:00017e10       ??9?$_Vector_const_iterator@UInfoItem@@V?$allocator@UInfoItem@@@std@@@std@@QBE_NABV01@@Z 0045be10 f i idl.obj
 0002:00017e80       ??M?$_Vector_const_iterator@UInfoItem@@V?$allocator@UInfoItem@@@std@@@std@@QBE_NABV01@@Z 0045be80 f i idl.obj
 0002:00017ef0       ??0?$_Vector_const_iterator@UInfoInimigo@@V?$allocator@UInfoInimigo@@@std@@@std@@QAE@PAUInfoInimigo@@PBV_Container_base@1@@Z 0045bef0 f i idl.obj
 0002:00018020       ?_Adopt@_Iterator_base@std@@QAEXPBV_Container_base@2@@Z 0045c020 f i idl.obj
 0002:00018150       ??8?$_Vector_const_iterator@UInfoInimigo@@V?$allocator@UInfoInimigo@@@std@@@std@@QBE_NABV01@@Z 0045c150 f i idl.obj
 0002:000181c0       ?_Compat@?$_Vector_const_iterator@UInfoInimigo@@V?$allocator@UInfoInimigo@@@std@@@std@@QBEXABV12@@Z 0045c1c0 f i idl.obj
 0002:00018290       ??0?$_Vector_const_iterator@UInfoItem@@V?$allocator@UInfoItem@@@std@@@std@@QAE@PAUInfoItem@@PBV_Container_base@1@@Z 0045c290 f i idl.obj
 0002:000183c0       ??8?$_Vector_const_iterator@UInfoItem@@V?$allocator@UInfoItem@@@std@@@std@@QBE_NABV01@@Z 0045c3c0 f i idl.obj
 0002:00018430       ?_Compat@?$_Vector_const_iterator@UInfoItem@@V?$allocator@UInfoItem@@@std@@@std@@QBEXABV12@@Z 0045c430 f i idl.obj
 0002:00018500       ??0?$_Ranit@UInfoInimigo@@HPBU1@ABU1@@std@@QAE@XZ 0045c500 f i idl.obj
 0002:00018560       ??0_Iterator_base@std@@QAE@XZ 0045c560 f i idl.obj
 0002:000185b0       ??0?$_Ranit@UInfoItem@@HPBU1@ABU1@@std@@QAE@XZ 0045c5b0 f i idl.obj
 0002:00018610       ??$_Debug_pointer@D@std@@YAXPBDPB_WI@Z 0045c610 f i idl.obj
 0002:00018670       ?free@?$ObjVar@VObject@CORBA@@@@AAEXXZ 0045c670 f i idl.obj
 0002:000186e0       ?nil@?$ObjVar@VObject@CORBA@@@@CAPAVObject@CORBA@@XZ 0045c6e0 f i idl.obj
 0002:00018710       ?length@?$SequenceTmpl@UInfoInimigo@@$0A@@@QBEKXZ 0045c710 f i idl.obj
 0002:00018760       ?length@?$SequenceTmpl@UInfoInimigo@@$0A@@@QAEXK@Z 0045c760 f i idl.obj
 0002:00018960       ??A?$SequenceTmpl@UInfoInimigo@@$0A@@@QAEAAUInfoInimigo@@K@Z 0045c960 f i idl.obj
 0002:000189c0       ?length@?$SequenceTmpl@UInfoItem@@$0A@@@QBEKXZ 0045c9c0 f i idl.obj
 0002:00018a10       ?length@?$SequenceTmpl@UInfoItem@@$0A@@@QAEXK@Z 0045ca10 f i idl.obj
 0002:00018c10       ??A?$SequenceTmpl@UInfoItem@@$0A@@@QAEAAUInfoItem@@K@Z 0045cc10 f i idl.obj
 0002:00018c70       ??$_DebugHeapDelete@X@std@@YAXPAX@Z 0045cc70 f i idl.obj
 0002:00018cd0       ??$copy_s@U?$char_traits@D@std@@@_Traits_helper@std@@YAPADPADIPBDI@Z 0045ccd0 f i idl.obj
 0002:00018d50       ??$unchecked_copy@PAUInfoInimigo@@PAU1@@stdext@@YAPAUInfoInimigo@@PAU1@00@Z 0045cd50 f i idl.obj
 0002:00018e20       ??$_Ucopy@PAUInfoInimigo@@@?$vector@UInfoInimigo@@V?$allocator@UInfoInimigo@@@std@@@std@@IAEPAUInfoInimigo@@PAU2@00@Z 0045ce20 f i idl.obj
 0002:00018e90       ??$unchecked_copy@PAUInfoItem@@PAU1@@stdext@@YAPAUInfoItem@@PAU1@00@Z 0045ce90 f i idl.obj
 0002:00018f60       ??$_Ucopy@PAUInfoItem@@@?$vector@UInfoItem@@V?$allocator@UInfoItem@@@std@@@std@@IAEPAUInfoItem@@PAU2@00@Z 0045cf60 f i idl.obj
 0002:00018fd0       ??$move_s@U?$char_traits@D@std@@@_Traits_helper@std@@YAPADPADIPBDI@Z 0045cfd0 f i idl.obj
 0002:00019050       ??$_Destroy_range@UInfoInimigo@@V?$allocator@UInfoInimigo@@@std@@@std@@YAXPAUInfoInimigo@@0AAV?$allocator@UInfoInimigo@@@0@@Z 0045d050 f i idl.obj
 0002:000190d0       ??$_Destroy_range@UInfoItem@@V?$allocator@UInfoItem@@@std@@@std@@YAXPAUInfoItem@@0AAV?$allocator@UInfoItem@@@0@@Z 0045d0d0 f i idl.obj
 0002:00019150       ??$_Allocate@UInfoInimigo@@@std@@YAPAUInfoInimigo@@IPAU1@@Z 0045d150 f i idl.obj
 0002:000191f0       ??$_Allocate@UInfoItem@@@std@@YAPAUInfoItem@@IPAU1@@Z 0045d1f0 f i idl.obj
 0002:00019290       ??$_Allocate@D@std@@YAPADIPAD@Z 0045d290 f i idl.obj
 0002:00019330       ??A?$vector@UInfoInimigo@@V?$allocator@UInfoInimigo@@@std@@@std@@QAEAAUInfoInimigo@@I@Z 0045d330 f i idl.obj
 0002:00019470       ?insert@?$vector@UInfoInimigo@@V?$allocator@UInfoInimigo@@@std@@@std@@QAEXV?$_Vector_iterator@UInfoInimigo@@V?$allocator@UInfoInimigo@@@std@@@2@IABUInfoInimigo@@@Z 0045d470 f i idl.obj
 0002:00019540       ??A?$vector@UInfoItem@@V?$allocator@UInfoItem@@@std@@@std@@QAEAAUInfoItem@@I@Z 0045d540 f i idl.obj
 0002:00019680       ?insert@?$vector@UInfoItem@@V?$allocator@UInfoItem@@@std@@@std@@QAEXV?$_Vector_iterator@UInfoItem@@V?$allocator@UInfoItem@@@std@@@2@IABUInfoItem@@@Z 0045d680 f i idl.obj
 0002:00019750       ??H?$_Vector_iterator@UInfoInimigo@@V?$allocator@UInfoInimigo@@@std@@@std@@QBE?AV01@H@Z 0045d750 f i idl.obj
 0002:00019870       ??H?$_Vector_iterator@UInfoItem@@V?$allocator@UInfoItem@@@std@@@std@@QBE?AV01@H@Z 0045d870 f i idl.obj
 0002:00019990       ??0?$_Vector_iterator@UInfoInimigo@@V?$allocator@UInfoInimigo@@@std@@@std@@QAE@ABV01@@Z 0045d990 f i idl.obj
 0002:000199f0       ??0?$_Vector_iterator@UInfoItem@@V?$allocator@UInfoItem@@@std@@@std@@QAE@ABV01@@Z 0045d9f0 f i idl.obj
 0002:00019a50       ??0?$_Vector_const_iterator@UInfoInimigo@@V?$allocator@UInfoInimigo@@@std@@@std@@QAE@ABV01@@Z 0045da50 f i idl.obj
 0002:00019ac0       ??0?$_Vector_const_iterator@UInfoItem@@V?$allocator@UInfoItem@@@std@@@std@@QAE@ABV01@@Z 0045dac0 f i idl.obj
 0002:00019b30       ??0?$_Ranit@UInfoInimigo@@HPBU1@ABU1@@std@@QAE@ABU01@@Z 0045db30 f i idl.obj
 0002:00019b90       ??0_Iterator_base@std@@QAE@ABV01@@Z 0045db90 f i idl.obj
 0002:00019c10       ??4_Iterator_base@std@@QAEAAV01@ABV01@@Z 0045dc10 f i idl.obj
 0002:00019d20       ??0?$_Ranit@UInfoItem@@HPBU1@ABU1@@std@@QAE@ABU01@@Z 0045dd20 f i idl.obj
 0002:00019d80       ?_Insert_n@?$vector@UInfoInimigo@@V?$allocator@UInfoInimigo@@@std@@@std@@IAEXV?$_Vector_iterator@UInfoInimigo@@V?$allocator@UInfoInimigo@@@std@@@2@IABUInfoInimigo@@@Z 0045dd80 f i idl.obj
 0002:0001a2a0       ?_Insert_n@?$vector@UInfoItem@@V?$allocator@UInfoItem@@@std@@@std@@IAEXV?$_Vector_iterator@UInfoItem@@V?$allocator@UInfoItem@@@std@@@2@IABUInfoItem@@@Z 0045e2a0 f i idl.obj
 0002:0001a7e0       ??Y?$_Vector_iterator@UInfoInimigo@@V?$allocator@UInfoInimigo@@@std@@@std@@QAEAAV01@H@Z 0045e7e0 f i idl.obj
 0002:0001a840       ??Y?$_Vector_iterator@UInfoItem@@V?$allocator@UInfoItem@@@std@@@std@@QAEAAV01@H@Z 0045e840 f i idl.obj
 0002:0001a8a0       ?_Ufill@?$vector@UInfoInimigo@@V?$allocator@UInfoInimigo@@@std@@@std@@IAEPAUInfoInimigo@@PAU3@IABU3@@Z 0045e8a0 f i idl.obj
 0002:0001a920       ?_Ufill@?$vector@UInfoItem@@V?$allocator@UInfoItem@@@std@@@std@@IAEPAUInfoItem@@PAU3@IABU3@@Z 0045e920 f i idl.obj
 0002:0001a9a0       ??Y?$_Vector_const_iterator@UInfoInimigo@@V?$allocator@UInfoInimigo@@@std@@@std@@QAEAAV01@H@Z 0045e9a0 f i idl.obj
 0002:0001aaf0       ??Y?$_Vector_const_iterator@UInfoItem@@V?$allocator@UInfoItem@@@std@@@std@@QAEAAV01@H@Z 0045eaf0 f i idl.obj
 0002:0001ac40       ?release@?$ObjVar@VObject@CORBA@@@@SAXPAVObject@CORBA@@@Z 0045ec40 f i idl.obj
 0002:0001ac90       ??$_Char_traits_cat@U?$char_traits@D@std@@@std@@YA?AU_Secure_char_traits_tag@0@XZ 0045ec90 f i idl.obj
 0002:0001ad00       ??$copy_s@U?$char_traits@D@std@@@_Traits_helper@std@@YAPADPADIPBDIU_Secure_char_traits_tag@1@@Z 0045ed00 f i idl.obj
 0002:0001ad60       ?_Copy_s@?$char_traits@D@std@@SAPADPADIPBDI@Z 0045ed60 f i idl.obj
 0002:0001adc0       ??$_Checked_base@PAUInfoInimigo@@@std@@YAPAUInfoInimigo@@AAPAU1@@Z 0045edc0 f i idl.obj
 0002:0001ae50       ??$_Iter_random@PAUInfoInimigo@@PAU1@@std@@YA?AUrandom_access_iterator_tag@0@ABQAUInfoInimigo@@0@Z 0045ee50 f i idl.obj
 0002:0001aec0       ??$_Ptr_cat@PAUInfoInimigo@@PAU1@@std@@YA?AU_Nonscalar_ptr_iterator_tag@0@AAPAUInfoInimigo@@0@Z 0045eec0 f i idl.obj
 0002:0001af30       ??$_Copy_opt@PAUInfoInimigo@@PAU1@@std@@YAPAUInfoInimigo@@PAU1@00Urandom_access_iterator_tag@0@U_Nonscalar_ptr_iterator_tag@0@U_Range_checked_iterator_tag@0@@Z 0045ef30 f i idl.obj
 0002:0001afe0       ??$unchecked_uninitialized_copy@PAUInfoInimigo@@PAU1@V?$allocator@UInfoInimigo@@@std@@@stdext@@YAPAUInfoInimigo@@PAU1@00AAV?$allocator@UInfoInimigo@@@std@@@Z 0045efe0 f i idl.obj
 0002:0001b090       ??$_Checked_base@PAUInfoItem@@@std@@YAPAUInfoItem@@AAPAU1@@Z 0045f090 f i idl.obj
 0002:0001b120       ??$_Iter_random@PAUInfoItem@@PAU1@@std@@YA?AUrandom_access_iterator_tag@0@ABQAUInfoItem@@0@Z 0045f120 f i idl.obj
 0002:0001b190       ??$_Ptr_cat@PAUInfoItem@@PAU1@@std@@YA?AU_Nonscalar_ptr_iterator_tag@0@AAPAUInfoItem@@0@Z 0045f190 f i idl.obj
 0002:0001b200       ??$_Copy_opt@PAUInfoItem@@PAU1@@std@@YAPAUInfoItem@@PAU1@00Urandom_access_iterator_tag@0@U_Nonscalar_ptr_iterator_tag@0@U_Range_checked_iterator_tag@0@@Z 0045f200 f i idl.obj
 0002:0001b2c0       ??$unchecked_uninitialized_copy@PAUInfoItem@@PAU1@V?$allocator@UInfoItem@@@std@@@stdext@@YAPAUInfoItem@@PAU1@00AAV?$allocator@UInfoItem@@@std@@@Z 0045f2c0 f i idl.obj
 0002:0001b370       ??$move_s@U?$char_traits@D@std@@@_Traits_helper@std@@YAPADPADIPBDIU_Secure_char_traits_tag@1@@Z 0045f370 f i idl.obj
 0002:0001b3d0       ?_Move_s@?$char_traits@D@std@@SAPADPADIPBDI@Z 0045f3d0 f i idl.obj
 0002:0001b430       ??$_Destroy_range@UInfoInimigo@@V?$allocator@UInfoInimigo@@@std@@@std@@YAXPAUInfoInimigo@@0AAV?$allocator@UInfoInimigo@@@0@U_Nonscalar_ptr_iterator_tag@0@@Z 0045f430 f i idl.obj
 0002:0001b4a0       ??$_Destroy_range@UInfoItem@@V?$allocator@UInfoItem@@@std@@@std@@YAXPAUInfoItem@@0AAV?$allocator@UInfoItem@@@0@U_Nonscalar_ptr_iterator_tag@0@@Z 0045f4a0 f i idl.obj
 0002:0001b510       ??$_Umove@PAUInfoInimigo@@@?$vector@UInfoInimigo@@V?$allocator@UInfoInimigo@@@std@@@std@@IAEPAUInfoInimigo@@PAU2@00@Z 0045f510 f i idl.obj
 0002:0001b580       ??$fill@PAUInfoInimigo@@U1@@std@@YAXPAUInfoInimigo@@0ABU1@@Z 0045f580 f i idl.obj
 0002:0001b5f0       ??$_Unchecked_move_backward@PAUInfoInimigo@@PAU1@@stdext@@YAPAUInfoInimigo@@PAU1@00@Z 0045f5f0 f i idl.obj
 0002:0001b6b0       ??$_Umove@PAUInfoItem@@@?$vector@UInfoItem@@V?$allocator@UInfoItem@@@std@@@std@@IAEPAUInfoItem@@PAU2@00@Z 0045f6b0 f i idl.obj
 0002:0001b720       ??$fill@PAUInfoItem@@U1@@std@@YAXPAUInfoItem@@0ABU1@@Z 0045f720 f i idl.obj
 0002:0001b790       ??$_Unchecked_move_backward@PAUInfoItem@@PAU1@@stdext@@YAPAUInfoItem@@PAU1@00@Z 0045f790 f i idl.obj
 0002:0001b850       ??$unchecked_uninitialized_fill_n@PAUInfoInimigo@@IU1@V?$allocator@UInfoInimigo@@@std@@@stdext@@YAXPAUInfoInimigo@@IABU1@AAV?$allocator@UInfoInimigo@@@std@@@Z 0045f850 f i idl.obj
 0002:0001b8f0       ??$unchecked_uninitialized_fill_n@PAUInfoItem@@IU1@V?$allocator@UInfoItem@@@std@@@stdext@@YAXPAUInfoItem@@IABU1@AAV?$allocator@UInfoItem@@@std@@@Z 0045f8f0 f i idl.obj
 0002:0001b990       ?destroy@?$allocator@UInfoInimigo@@@std@@QAEXPAUInfoInimigo@@@Z 0045f990 f i idl.obj
 0002:0001b9f0       ?destroy@?$allocator@UInfoItem@@@std@@QAEXPAUInfoItem@@@Z 0045f9f0 f i idl.obj
 0002:0001ba50       ??$_Checked_base@PAUInfoInimigo@@@std@@YAPAUInfoInimigo@@AAPAU1@U_Unchanged_checked_iterator_base_type_tag@0@@Z 0045fa50 f i idl.obj
 0002:0001ba90       ??$_Copy_opt@PAUInfoInimigo@@PAU1@Uforward_iterator_tag@std@@@std@@YAPAUInfoInimigo@@PAU1@00Uforward_iterator_tag@0@U_Nonscalar_ptr_iterator_tag@0@U_Range_checked_iterator_tag@0@@Z 0045fa90 f i idl.obj
 0002:0001bb30       ??$_Uninit_copy@PAUInfoInimigo@@PAU1@V?$allocator@UInfoInimigo@@@std@@@std@@YAPAUInfoInimigo@@PAU1@00AAV?$allocator@UInfoInimigo@@@0@U_Nonscalar_ptr_iterator_tag@0@U_Range_checked_iterator_tag@0@@Z 0045fb30 f i idl.obj
 0002:0001bc80       ??$_Checked_base@PAUInfoItem@@@std@@YAPAUInfoItem@@AAPAU1@U_Unchanged_checked_iterator_base_type_tag@0@@Z 0045fc80 f i idl.obj
 0002:0001bcc0       ??$_Copy_opt@PAUInfoItem@@PAU1@Uforward_iterator_tag@std@@@std@@YAPAUInfoItem@@PAU1@00Uforward_iterator_tag@0@U_Nonscalar_ptr_iterator_tag@0@U_Range_checked_iterator_tag@0@@Z 0045fcc0 f i idl.obj
 0002:0001bd60       ??$_Uninit_copy@PAUInfoItem@@PAU1@V?$allocator@UInfoItem@@@std@@@std@@YAPAUInfoItem@@PAU1@00AAV?$allocator@UInfoItem@@@0@U_Nonscalar_ptr_iterator_tag@0@U_Range_checked_iterator_tag@0@@Z 0045fd60 f i idl.obj
 0002:0001beb0       ??$_Unchecked_uninitialized_move@PAUInfoInimigo@@PAU1@V?$allocator@UInfoInimigo@@@std@@@stdext@@YAPAUInfoInimigo@@PAU1@00AAV?$allocator@UInfoInimigo@@@std@@@Z 0045feb0 f i idl.obj
 0002:0001bf60       ??$_Fill@PAUInfoInimigo@@U1@@std@@YAXPAUInfoInimigo@@0ABU1@@Z 0045ff60 f i idl.obj
 0002:0001bff0       ??$_Move_cat@PAUInfoInimigo@@@std@@YA?AU_Undefined_move_tag@0@ABQAUInfoInimigo@@@Z 0045fff0 f i idl.obj
 0002:0001c060       ??$_Move_backward_opt@PAUInfoInimigo@@PAU1@Urandom_access_iterator_tag@std@@U_Undefined_move_tag@3@@std@@YAPAUInfoInimigo@@PAU1@00Urandom_access_iterator_tag@0@U_Undefined_move_tag@0@U_Range_checked_iterator_tag@0@@Z 00460060 f i idl.obj
 0002:0001c100       ??$_Unchecked_uninitialized_move@PAUInfoItem@@PAU1@V?$allocator@UInfoItem@@@std@@@stdext@@YAPAUInfoItem@@PAU1@00AAV?$allocator@UInfoItem@@@std@@@Z 00460100 f i idl.obj
 0002:0001c1b0       ??$_Fill@PAUInfoItem@@U1@@std@@YAXPAUInfoItem@@0ABU1@@Z 004601b0 f i idl.obj
 0002:0001c240       ??$_Move_cat@PAUInfoItem@@@std@@YA?AU_Undefined_move_tag@0@ABQAUInfoItem@@@Z 00460240 f i idl.obj
 0002:0001c2b0       ??$_Move_backward_opt@PAUInfoItem@@PAU1@Urandom_access_iterator_tag@std@@U_Undefined_move_tag@3@@std@@YAPAUInfoItem@@PAU1@00Urandom_access_iterator_tag@0@U_Undefined_move_tag@0@U_Range_checked_iterator_tag@0@@Z 004602b0 f i idl.obj
 0002:0001c350       ??$_Uninit_fill_n@PAUInfoInimigo@@IU1@V?$allocator@UInfoInimigo@@@std@@@std@@YAXPAUInfoInimigo@@IABU1@AAV?$allocator@UInfoInimigo@@@0@U_Nonscalar_ptr_iterator_tag@0@U_Range_checked_iterator_tag@0@@Z 00460350 f i idl.obj
 0002:0001c460       ??$_Uninit_fill_n@PAUInfoItem@@IU1@V?$allocator@UInfoItem@@@std@@@std@@YAXPAUInfoItem@@IABU1@AAV?$allocator@UInfoItem@@@0@U_Nonscalar_ptr_iterator_tag@0@U_Range_checked_iterator_tag@0@@Z 00460460 f i idl.obj
 0002:0001c570       ??$_Destroy@UInfoInimigo@@@std@@YAXPAUInfoInimigo@@@Z 00460570 f i idl.obj
 0002:0001c5a0       ??$_Destroy@UInfoItem@@@std@@YAXPAUInfoItem@@@Z 004605a0 f i idl.obj
 0002:0001c5d0       ?construct@?$allocator@UInfoInimigo@@@std@@QAEXPAUInfoInimigo@@ABU3@@Z 004605d0 f i idl.obj
 0002:0001c630       ?construct@?$allocator@UInfoItem@@@std@@QAEXPAUInfoItem@@ABU3@@Z 00460630 f i idl.obj
 0002:0001c690       ??$_Debug_range@PAUInfoInimigo@@@std@@YAXPAUInfoInimigo@@0PB_WI@Z 00460690 f i idl.obj
 0002:0001c710       ??$_Debug_pointer@UInfoInimigo@@@std@@YAXPAUInfoInimigo@@PB_WI@Z 00460710 f i idl.obj
 0002:0001c770       ??$_Debug_range@PAUInfoItem@@@std@@YAXPAUInfoItem@@0PB_WI@Z 00460770 f i idl.obj
 0002:0001c7f0       ??$_Debug_pointer@UInfoItem@@@std@@YAXPAUInfoItem@@PB_WI@Z 004607f0 f i idl.obj
 0002:0001c850       ??$_Uninit_move@PAUInfoInimigo@@PAU1@V?$allocator@UInfoInimigo@@@std@@U_Undefined_move_tag@3@@std@@YAPAUInfoInimigo@@PAU1@00AAV?$allocator@UInfoInimigo@@@0@U_Undefined_move_tag@0@U_Range_checked_iterator_tag@0@@Z 00460850 f i idl.obj
 0002:0001c8b0       ??$_Copy_backward_opt@PAUInfoInimigo@@PAU1@@std@@YAPAUInfoInimigo@@PAU1@00Urandom_access_iterator_tag@0@U_Nonscalar_ptr_iterator_tag@0@U_Range_checked_iterator_tag@0@@Z 004608b0 f i idl.obj
 0002:0001c960       ??$_Uninit_move@PAUInfoItem@@PAU1@V?$allocator@UInfoItem@@@std@@U_Undefined_move_tag@3@@std@@YAPAUInfoItem@@PAU1@00AAV?$allocator@UInfoItem@@@0@U_Undefined_move_tag@0@U_Range_checked_iterator_tag@0@@Z 00460960 f i idl.obj
 0002:0001c9c0       ??$_Copy_backward_opt@PAUInfoItem@@PAU1@@std@@YAPAUInfoItem@@PAU1@00Urandom_access_iterator_tag@0@U_Nonscalar_ptr_iterator_tag@0@U_Range_checked_iterator_tag@0@@Z 004609c0 f i idl.obj
 0002:0001ca80       ??$_Construct@UInfoInimigo@@U1@@std@@YAXPAUInfoInimigo@@ABU1@@Z 00460a80 f i idl.obj
 0002:0001cb20       ??2@YAPAXIPAX@Z            00460b20 f i idl.obj
 0002:0001cb60       ??$_Construct@UInfoItem@@U1@@std@@YAXPAUInfoItem@@ABU1@@Z 00460b60 f i idl.obj
 0002:0001cc10       ??$_Iter_cat@PAUInfoInimigo@@@std@@YA?AUrandom_access_iterator_tag@0@ABQAUInfoInimigo@@@Z 00460c10 f i idl.obj
 0002:0001cc80       ??$_Debug_range2@PAUInfoInimigo@@@std@@YAXPAUInfoInimigo@@0PB_WIUrandom_access_iterator_tag@0@@Z 00460c80 f i idl.obj
 0002:0001cd20       ??$_Iter_cat@PAUInfoItem@@@std@@YA?AUrandom_access_iterator_tag@0@ABQAUInfoItem@@@Z 00460d20 f i idl.obj
 0002:0001cd90       ??$_Debug_range2@PAUInfoItem@@@std@@YAXPAUInfoItem@@0PB_WIUrandom_access_iterator_tag@0@@Z 00460d90 f i idl.obj
 0002:0001ce30       ??$_Copy_backward_opt@PAUInfoInimigo@@PAU1@Uforward_iterator_tag@std@@@std@@YAPAUInfoInimigo@@PAU1@00Uforward_iterator_tag@0@U_Nonscalar_ptr_iterator_tag@0@U_Range_checked_iterator_tag@0@@Z 00460e30 f i idl.obj
 0002:0001ced0       ??$_Copy_backward_opt@PAUInfoItem@@PAU1@Uforward_iterator_tag@std@@@std@@YAPAUInfoItem@@PAU1@00Uforward_iterator_tag@0@U_Nonscalar_ptr_iterator_tag@0@U_Range_checked_iterator_tag@0@@Z 00460ed0 f i idl.obj
 0002:0001cf70       ?doinvoke@StaticImplementation@PortableServer@@$R477PPPPPPPM@M@AEXPAVServerRequestBase@CORBA@@@Z 00460f70 f i idl.obj
 0002:0001cf90       ?invoke@POA_InterfaceServidor@@$4PPPPPPPM@A@AEXPAVStaticServerRequest@CORBA@@@Z 00460f90 f i idl.obj
 0002:0001cfa0       ?_narrow_helper@POA_InterfaceServidor@@$4PPPPPPPM@A@AEPAXPBD@Z 00460fa0 f i idl.obj
 0002:0001cfb0       ?_is_a@POA_InterfaceServidor@@$4PPPPPPPM@A@AEEPBD@Z 00460fb0 f i idl.obj
 0002:0001cfc0       ?_get_interface@POA_InterfaceServidor@@$4PPPPPPPM@A@AEPAVInterfaceDef@CORBA@@XZ 00460fc0 f i idl.obj
 0002:0001cfd0       ?make_request@StaticImplementation@PortableServer@@$R477PPPPPPPM@M@AEPAVServerRequestBase@CORBA@@PAVORBRequest@4@PAVObject@4@PAVORBInvokeRec@4@PAVObjectAdapter@4@PAVPrincipal@4@@Z 00460fd0 f i idl.obj
 0002:0001cff0       ?getInfoFase@InterfaceServidor_stub@@$4PPPPPPPM@A@AEPAUInfoFase@@XZ 00460ff0 f i idl.obj
 0002:0001d000       ?_make_stub@POA_InterfaceServidor@@$4PPPPPPPM@A@AEPAVObject@CORBA@@PAVPOA@PortableServer@@PAV23@@Z 00461000 f i idl.obj
 0002:0001d010       ?reagirTecla@InterfaceServidor_stub@@$4PPPPPPPM@A@AEXE@Z 00461010 f i idl.obj
 0002:0001d020       ?getInfoFase@InterfaceServidor_stub_clp@@$4PPPPPPPM@A@AEPAUInfoFase@@XZ 00461020 f i idl.obj
 0002:0001d030       ?reagirTecla@InterfaceServidor_stub_clp@@$4PPPPPPPM@A@AEXE@Z 00461030 f i idl.obj
 0002:0001d040       ??_EInterfaceServidor_stub@@$4PPPPPPPM@A@AEPAXI@Z 00461040 f i idl.obj
 0002:0001d050       ??_GInterfaceServidor_stub@@UAEPAXI@Z 00461050 f i idl.obj
 0002:0001d050       ??_EInterfaceServidor_stub@@UAEPAXI@Z 00461050 f i idl.obj
 0002:0001d0d0       ??_DInterfaceServidor_stub@@QAEXXZ 004610d0 f i idl.obj
 0002:0001d140       ?getInfoInicial@InterfaceServidor_stub@@$4PPPPPPPM@A@AEPAUInfoInicial@@XZ 00461140 f i idl.obj
 0002:0001d150       ?_primary_interface@POA_InterfaceServidor@@$4PPPPPPPM@A@AEPADABV?$SequenceTmpl@E$02@@PAVPOA@PortableServer@@@Z 00461150 f i idl.obj
 0002:0001d160       ??_EInterfaceServidor@@$4PPPPPPPM@A@AEPAXI@Z 00461160 f i idl.obj
 0002:0001d170       ??_EInterfaceServidor@@UAEPAXI@Z 00461170 f i idl.obj
 0002:0001d170       ??_GInterfaceServidor@@UAEPAXI@Z 00461170 f i idl.obj
 0002:0001d1f0       ??_DInterfaceServidor@@QAEXXZ 004611f0 f i idl.obj
 0002:0001d250       ??_EPOA_InterfaceServidor@@$4PPPPPPPM@A@AEPAXI@Z 00461250 f i idl.obj
 0002:0001d260       ??_GPOA_InterfaceServidor@@UAEPAXI@Z 00461260 f i idl.obj
 0002:0001d260       ??_EPOA_InterfaceServidor@@UAEPAXI@Z 00461260 f i idl.obj
 0002:0001d2e0       ??_DPOA_InterfaceServidor@@QAEXXZ 004612e0 f i idl.obj
 0002:0001d350       ??_EInterfaceServidor_stub_clp@@$4PPPPPPPM@A@AEPAXI@Z 00461350 f i idl.obj
 0002:0001d360       ??_EInterfaceServidor_stub_clp@@UAEPAXI@Z 00461360 f i idl.obj
 0002:0001d360       ??_GInterfaceServidor_stub_clp@@UAEPAXI@Z 00461360 f i idl.obj
 0002:0001d3e0       ??_DInterfaceServidor_stub_clp@@QAEXXZ 004613e0 f i idl.obj
 0002:0001d480       ?getInfoInicial@InterfaceServidor_stub_clp@@$4PPPPPPPM@A@AEPAUInfoInicial@@XZ 00461480 f i idl.obj
 0002:0001d490       ?_narrow_helper@InterfaceServidor@@$R477PPPPPPPM@M@AEPAXPBD@Z 00461490 f i idl.obj
 0002:0001d4b0       ?_narrow_helper@InterfaceServidor@@$4PPPPPPPM@A@AEPAXPBD@Z 004614b0 f i idl.obj
 0002:0001d4c0       ??0__tc_init_IDL@@QAE@XZ   004614c0 f i idl.obj
 0002:0001d7a0       ??0_Marshaller_InfoHeroi@@QAE@XZ 004617a0 f i idl.obj
 0002:0001d800       ??0_Marshaller_InfoInimigo@@QAE@XZ 00461800 f i idl.obj
 0002:0001d860       ??0_Marshaller_InfoItem@@QAE@XZ 00461860 f i idl.obj
 0002:0001d8c0       ??0_Marshaller_InfoFase@@QAE@XZ 004618c0 f i idl.obj
 0002:0001d920       ??0_Marshaller_InfoInicial@@QAE@XZ 00461920 f i idl.obj
 0002:0001d980       ??0_Marshaller_InterfaceServidor@@QAE@XZ 00461980 f i idl.obj
 0002:0001d9e0       ??0_Marshaller__seq_InfoInimigo@@QAE@XZ 004619e0 f i idl.obj
 0002:0001da40       ??0_Marshaller__seq_InfoItem@@QAE@XZ 00461a40 f i idl.obj
 0002:0001daa0       ??0StaticTypeInfo@CORBA@@QAE@XZ 00461aa0 f i idl.obj
 0002:0001daf0       ??_EStaticTypeInfo@CORBA@@MAEPAXI@Z 00461af0 f i idl.obj
 0002:0001daf0       ??_GStaticTypeInfo@CORBA@@MAEPAXI@Z 00461af0 f i idl.obj
 0002:0001db60       ??1__tc_init_IDL@@QAE@XZ   00461b60 f i idl.obj
 0002:0001dec0       ??0Inimigo@@QAE@HHHHH@Z    00461ec0 f   inimigo.obj
 0002:0001df70       ??0Item@@QAE@HH@Z          00461f70 f   item.obj
 0002:0001dfd0       ??0Jin@@QAE@HHHH@Z         00461fd0 f   jin.obj
 0002:0001e5c0       ?acao@Jin@@UAEXH@Z         004625c0 f   jin.obj
 0002:0001e8b0       ?update@Jin@@UAEXPAVCenario@@@Z 004628b0 f   jin.obj
 0002:0001ec30       ??0King@@QAE@HHHH@Z        00462c30 f   king.obj
 0002:0001f120       ?acao@King@@UAEXH@Z        00463120 f   king.obj
 0002:0001f410       ?update@King@@UAEXPAVCenario@@@Z 00463410 f   king.obj
 0002:0001f7a0       ?sair@@YAXXZ               004637a0 f   main.obj
 0002:0001f7f0       ?help@@YAXXZ               004637f0 f   main.obj
 0002:0001f980       ?menuInicial@@YAXXZ        00463980 f   main.obj
 0002:0001fc60       ?draw_opaque@Sprite@@QAEXPAV1@HH@Z 00463c60 f i main.obj
 0002:0001fd20       ?clearFrame@Sprite@@QAEXXZ 00463d20 f i main.obj
 0002:0001fdf0       ??0Menu@@QAE@HPAD@Z        00463df0 f i main.obj
 0002:0001ff70       ?inserirBotao@Menu@@QAEHPAD0HHP6AXXZ@Z 00463f70 f i main.obj
 0002:000200d0       ??0Botao@@QAE@PAD0HHP6AXXZ@Z 004640d0 f i main.obj
 0002:00020210       ?setSelecionado@Botao@@QAEX_N@Z 00464210 f i main.obj
 0002:00020280       ?drawMenu@Menu@@QAEXPAVSprite@@HH@Z 00464280 f i main.obj
 0002:00020330       ?drawBotao@Botao@@QAEXPAVSprite@@@Z 00464330 f i main.obj
 0002:000203a0       ?reagirTecla@Menu@@QAEXH@Z 004643a0 f i main.obj
 0002:000204c0       ?agir@Botao@@QAEXXZ        004644c0 f i main.obj
 0002:00020530       ??_GMenu@@QAEPAXI@Z        00464530 f i main.obj
 0002:000205a0       ??1Menu@@QAE@XZ            004645a0 f i main.obj
 0002:000206e0       ??_GBotao@@QAEPAXI@Z       004646e0 f i main.obj
 0002:00020750       ??1Botao@@QAE@XZ           00464750 f i main.obj
 0002:000207f0       ?init@@YAHXZ               004647f0 f   main.obj
 0002:00020a50       ?responderTeclas@@YAHXZ    00464a50 f   main.obj
 0002:00020bc0       ?increment_speed_counter@@YAXXZ 00464bc0 f   main.obj
 0002:00020c00       ?rodarFase@@YAHPAD@Z       00464c00 f   main.obj
 0002:00020d50       ?mostrarGameOver@@YAXXZ    00464d50 f   main.obj
 0002:00020e30       ?run@@YAXXZ                00464e30 f   main.obj
 0002:000210b0       ??_GControlador@@QAEPAXI@Z 004650b0 f i main.obj
 0002:00021120       ?finish@@YAXXZ             00465120 f   main.obj
 0002:00021180       ?_mangled_main@@YAHHQAPAD@Z 00465180 f   main.obj
 0002:000211e0       _WinMain@16                004651e0 f   main.obj
 0002:00021260       ??0Morfador@@QAE@HH@Z      00465260 f   morfador.obj
 0002:000214b0       ?settipoItem@Item@@QAEXH@Z 004654b0 f i morfador.obj
 0002:00021500       ?setSprite@Item@@QAEXPAVSprite@@@Z 00465500 f i morfador.obj
 0002:00021550       ?update@Morfador@@UAEXXZ   00465550 f   morfador.obj
 0002:00021680       ?setPx@Item@@QAEXH@Z       00465680 f i morfador.obj
 0002:000216d0       ?setPy@Item@@QAEXH@Z       004656d0 f i morfador.obj
 0002:00021720       ??0Morrigan@@QAE@HHHH@Z    00465720 f   morrigan.obj
 0002:00021cf0       ?acao@Morrigan@@UAEXH@Z    00465cf0 f   morrigan.obj
 0002:00022050       ?update@Morrigan@@UAEXPAVCenario@@@Z 00466050 f   morrigan.obj
 0002:000223e0       ??0Sprite@@QAE@PAUBITMAP@@@Z 004663e0 f   sprite.obj
 0002:00022490       ??1Sprite@@QAE@XZ          00466490 f   sprite.obj
 0002:00022550       ?setIntervalo@Sprite@@QAEXHH@Z 00466550 f   sprite.obj
 0002:000225a0       ?nextFrame@Sprite@@QAE_NXZ 004665a0 f   sprite.obj
 0002:00022640       ??0Vida@@QAE@HH@Z          00466640 f   vida.obj
 0002:000227a0       ?update@Vida@@UAEXXZ       004667a0 f   vida.obj
 0002:0002286a       ??1StaticTypeInfo@CORBA@@MAE@XZ 0046686a f   mico2312:mico2312.dll
 0002:00022870       ?copy@StaticTypeInfo@CORBA@@UBEPAXQAX@Z 00466870 f   mico2312:mico2312.dll
 0002:00022876       ?release@StaticTypeInfo@CORBA@@UBEXPAX@Z 00466876 f   mico2312:mico2312.dll
 0002:0002287c       ?typecode@StaticTypeInfo@CORBA@@UAEPAVTypeCode@2@XZ 0046687c f   mico2312:mico2312.dll
 0002:00022882       ?_stc_boolean@CORBA@@3PAVStaticTypeInfo@1@A 00466882 f   mico2312:mico2312.dll
 0002:00022888       ?_stc_octet@CORBA@@3PAVStaticTypeInfo@1@A 00466888 f   mico2312:mico2312.dll
 0002:0002288e       ?_stc_short@CORBA@@3PAVStaticTypeInfo@1@A 0046688e f   mico2312:mico2312.dll
 0002:00022894       ??4Object@CORBA@@QAEAAV01@ABV01@@Z 00466894 f   mico2312:mico2312.dll
 0002:0002289a       ?_is_a_remote@Object@CORBA@@QAEEPBD@Z 0046689a f   mico2312:mico2312.dll
 0002:000228a0       ?objid@IOR@CORBA@@QBEPBDXZ 004668a0 f   mico2312:mico2312.dll
 0002:000228a6       ?_ref@ServerlessObject@CORBA@@QAEXXZ 004668a6 f   mico2312:mico2312.dll
 0002:000228ac       ??1Object@CORBA@@UAE@XZ    004668ac f   mico2312:mico2312.dll
 0002:000228b2       ??0Object@CORBA@@QAE@PAVIOR@1@@Z 004668b2 f   mico2312:mico2312.dll
 0002:000228b8       ?_deref@ServerlessObject@CORBA@@QAEEXZ 004668b8 f   mico2312:mico2312.dll
 0002:000228be       ?_stc_Object@CORBA@@3PAVStaticTypeInfo@1@A 004668be f   mico2312:mico2312.dll
 0002:000228c4       ??0StubBase@PortableServer@@IAE@XZ 004668c4 f   mico2312:mico2312.dll
 0002:000228ca       ??0StubBase@PortableServer@@QAE@PAVPOA@1@@Z 004668ca f   mico2312:mico2312.dll
 0002:000228d0       ??0Object@CORBA@@QAE@ABV01@@Z 004668d0 f   mico2312:mico2312.dll
 0002:000228d6       ??1StaticAny@CORBA@@QAE@XZ 004668d6 f   mico2312:mico2312.dll
 0002:000228dc       ??1StaticRequest@CORBA@@UAE@XZ 004668dc f   mico2312:mico2312.dll
 0002:000228e2       ?_retn@StaticAny@CORBA@@QAEPAXXZ 004668e2 f   mico2312:mico2312.dll
 0002:000228e8       ?invoke@StaticRequest@CORBA@@QAEXXZ 004668e8 f   mico2312:mico2312.dll
 0002:000228ee       ??0StaticRequest@CORBA@@QAE@PAVObject@1@PBD@Z 004668ee f   mico2312:mico2312.dll
 0002:000228f4       ??1UNKNOWN@CORBA@@UAE@XZ   004668f4 f   mico2312:mico2312.dll
 0002:000228fa       ??0UNKNOWN@CORBA@@QAE@XZ   004668fa f   mico2312:mico2312.dll
 0002:00022900       ?exception@UnknownUserException@CORBA@@QAEAAVStaticAny@2@PAVStaticTypeInfo@2@@Z 00466900 f   mico2312:mico2312.dll
 0002:00022906       ?mico_assert@@YAXPBDH@Z    00466906 f   mico2312:mico2312.dll
 0002:0002290c       ?_downcast@UnknownUserException@CORBA@@SAPAV12@PAVException@2@@Z 0046690c f   mico2312:mico2312.dll
 0002:00022912       ?exception@StaticRequest@CORBA@@QAEPAVException@2@XZ 00466912 f   mico2312:mico2312.dll
 0002:00022918       ?_postinvoke@StubBase@PortableServer@@QAEXXZ 00466918 f   mico2312:mico2312.dll
 0002:0002291e       ?_preinvoke@StubBase@PortableServer@@QAEPAVServantBase@2@XZ 0046691e f   mico2312:mico2312.dll
 0002:00022924       ?add_in_arg@StaticRequest@CORBA@@QAEXPAVStaticAny@2@@Z 00466924 f   mico2312:mico2312.dll
 0002:0002292a       ?_default_POA@ServantBase@PortableServer@@UAEPAVPOA@2@XZ 0046692a f   mico2312:mico2312.dll
 0002:00022930       ?_non_existent@ServantBase@PortableServer@@UAEEXZ 00466930 f   mico2312:mico2312.dll
 0002:00022936       ?_get_component@ServantBase@PortableServer@@UAEPAVObject@CORBA@@XZ 00466936 f   mico2312:mico2312.dll
 0002:0002293c       ?_add_ref@ServantBase@PortableServer@@UAEXXZ 0046693c f   mico2312:mico2312.dll
 0002:00022942       ?_remove_ref@ServantBase@PortableServer@@UAEXXZ 00466942 f   mico2312:mico2312.dll
 0002:00022948       ?_check@ServantBase@PortableServer@@UAEXXZ 00466948 f   mico2312:mico2312.dll
 0002:0002294e       ?_this@ServantBase@PortableServer@@QAEPAVObject@CORBA@@XZ 0046694e f   mico2312:mico2312.dll
 0002:00022954       ??1OBJ_ADAPTER@CORBA@@UAE@XZ 00466954 f   mico2312:mico2312.dll
 0002:0002295a       ??0OBJ_ADAPTER@CORBA@@QAE@KW4completion_status@1@@Z 0046695a f   mico2312:mico2312.dll
 0002:00022960       ?_get_interface@ServantBase@PortableServer@@QAEPAVInterfaceDef@CORBA@@PBD@Z 00466960 f   mico2312:mico2312.dll
 0002:00022966       ?string_dup@CORBA@@YAPADPBD@Z 00466966 f   mico2312:mico2312.dll
 0002:0002296c       ??0UNKNOWN@CORBA@@QAE@KW4completion_status@1@@Z 0046696c f   mico2312:mico2312.dll
 0002:00022972       ?add_in_arg@StaticServerRequest@CORBA@@QAEXPAVStaticAny@2@@Z 00466972 f   mico2312:mico2312.dll
 0002:00022978       ?write_results@StaticServerRequest@CORBA@@QAEXXZ 00466978 f   mico2312:mico2312.dll
 0002:0002297e       ?value@StaticAny@CORBA@@QAEXPAVStaticTypeInfo@2@PBXE@Z 0046697e f   mico2312:mico2312.dll
 0002:00022984       ?read_args@StaticServerRequest@CORBA@@QAEEXZ 00466984 f   mico2312:mico2312.dll
 0002:0002298a       ?exception@Environment@CORBA@@QAEXPAVException@2@@Z 0046698a f   mico2312:mico2312.dll
 0002:00022990       ??0BAD_OPERATION@CORBA@@QAE@KW4completion_status@1@@Z 00466990 f   mico2312:mico2312.dll
 0002:00022996       ?doinvoke@StaticImplementation@PortableServer@@UAEXPAVServerRequestBase@CORBA@@@Z 00466996 f   mico2312:mico2312.dll
 0002:0002299c       ?make_request@StaticImplementation@PortableServer@@UAEPAVServerRequestBase@CORBA@@PAVORBRequest@4@PAVObject@4@PAVORBInvokeRec@4@PAVObjectAdapter@4@PAVPrincipal@4@@Z 0046699c f   mico2312:mico2312.dll
 0002:000229a2       ??1ServantBase@PortableServer@@UAE@XZ 004669a2 f   mico2312:mico2312.dll
 0002:000229a8       ??1StaticImplementation@PortableServer@@UAE@XZ 004669a8 f   mico2312:mico2312.dll
 0002:000229ae       ??1StubBase@PortableServer@@UAE@XZ 004669ae f   mico2312:mico2312.dll
 0002:000229b4       _allegro_message           004669b4 f   alleg:alleg42.dll
 0002:000229ba       _load_bmp                  004669ba f   alleg:alleg42.dll
 0002:000229c0       _load_tga                  004669c0 f   alleg:alleg42.dll
 0002:000229c6       _masked_blit               004669c6 f   alleg:alleg42.dll
 0002:000229cc       _load_midi                 004669cc f   alleg:alleg42.dll
 0002:000229d2       _load_sample               004669d2 f   alleg:alleg42.dll
 0002:000229d8       _destroy_sample            004669d8 f   alleg:alleg42.dll
 0002:000229de       _play_midi                 004669de f   alleg:alleg42.dll
 0002:000229e4       _getpixel                  004669e4 f   alleg:alleg42.dll
 0002:000229ea       _stop_midi                 004669ea f   alleg:alleg42.dll
 0002:000229f0       _play_sample               004669f0 f   alleg:alleg42.dll
 0002:000229f6       _draw_sprite               004669f6 f   alleg:alleg42.dll
 0002:000229fc       _rectfill                  004669fc f   alleg:alleg42.dll
 0002:00022a02       _makecol                   00466a02 f   alleg:alleg42.dll
 0002:00022a08       _draw_sprite_h_flip        00466a08 f   alleg:alleg42.dll
 0002:00022a0e       _destroy_bitmap            00466a0e f   alleg:alleg42.dll
 0002:00022a14       _rest                      00466a14 f   alleg:alleg42.dll
 0002:00022a1a       _blit                      00466a1a f   alleg:alleg42.dll
 0002:00022a20       _load_bitmap               00466a20 f   alleg:alleg42.dll
 0002:00022a26       _clear_bitmap              00466a26 f   alleg:alleg42.dll
 0002:00022a2c       _create_bitmap             00466a2c f   alleg:alleg42.dll
 0002:00022a32       _install_sound             00466a32 f   alleg:alleg42.dll
 0002:00022a38       _install_timer             00466a38 f   alleg:alleg42.dll
 0002:00022a3e       _install_keyboard          00466a3e f   alleg:alleg42.dll
 0002:00022a44       _set_gfx_mode              00466a44 f   alleg:alleg42.dll
 0002:00022a4a       _set_color_depth           00466a4a f   alleg:alleg42.dll
 0002:00022a50       _install_allegro           00466a50 f   alleg:alleg42.dll
 0002:00022a56       _vsync                     00466a56 f   alleg:alleg42.dll
 0002:00022a5c       _install_int_ex            00466a5c f   alleg:alleg42.dll
 0002:00022a62       _allegro_exit              00466a62 f   alleg:alleg42.dll
 0002:00022a68       __WinMain                  00466a68 f   alleg:alleg42.dll
 0002:00022a6e       _calc_spline               00466a6e f   alleg:alleg42.dll
 0002:00022a80       ??3@YAXPAX@Z               00466a80 f   LIBCMTD:dbgdel.obj
 0002:00022ba0       ??2@YAPAXI@Z               00466ba0 f   LIBCMTD:new.obj
 0002:00022c40       ??0bad_alloc@std@@QAE@XZ   00466c40 f i LIBCMTD:new.obj
 0002:00022c70       ?_JumpToContinuation@@YGXPAXPAUEHRegistrationNode@@@Z 00466c70 f   LIBCMTD:trnsctrl.obj
 0002:00022cb0       ?_CallMemberFunction0@@YGXPAX0@Z 00466cb0 f   LIBCMTD:trnsctrl.obj
 0002:00022cc0       ?_CallMemberFunction1@@YGXPAX00@Z 00466cc0 f   LIBCMTD:trnsctrl.obj
 0002:00022cd0       ?_CallMemberFunction2@@YGXPAX00H@Z 00466cd0 f   LIBCMTD:trnsctrl.obj
 0002:00022ce0       ?_UnwindNestedFrames@@YGXPAUEHRegistrationNode@@PAUEHExceptionRecord@@@Z 00466ce0 f   LIBCMTD:trnsctrl.obj
 0002:00022d50       ___CxxFrameHandler         00466d50 f   LIBCMTD:trnsctrl.obj
 0002:00022da0       ___CxxFrameHandler3        00466da0 f   LIBCMTD:trnsctrl.obj
 0002:00022df0       ___CxxFrameHandler2        00466df0 f   LIBCMTD:trnsctrl.obj
 0002:00022e40       ___CxxLongjmpUnwind@4      00466e40 f   LIBCMTD:trnsctrl.obj
 0002:00022e70       ?_CallCatchBlock2@@YAPAXPAUEHRegistrationNode@@PBU_s_FuncInfo@@PAXHK@Z 00466e70 f   LIBCMTD:trnsctrl.obj
 0002:00022f60       ?_CallSETranslator@@YAHPAUEHExceptionRecord@@PAUEHRegistrationNode@@PAX2PBU_s_FuncInfo@@H1@Z 00466f60 f   LIBCMTD:trnsctrl.obj
 0002:00023170       ?_GetRangeOfTrysToCheck@@YAPBU_s_TryBlockMapEntry@@PBU_s_FuncInfo@@HHPAI1@Z 00467170 f   LIBCMTD:trnsctrl.obj
 0002:00023220       __CreateFrameInfo          00467220 f   LIBCMTD:trnsctrl.obj
 0002:00023260       __IsExceptionObjectToBeDestroyed 00467260 f   LIBCMTD:trnsctrl.obj
 0002:000232a0       __FindAndUnlinkFrame       004672a0 f   LIBCMTD:trnsctrl.obj
 0002:00023310       @__security_check_cookie@4 00467310 f   LIBCMTD:secchk.obj
 0002:00023330       __RTC_CheckEsp             00467330 f   LIBCMTD:stack.obj
 0002:00023360       @_RTC_CheckStackVars@8     00467360 f   LIBCMTD:stack.obj
 0002:000233e0       @_RTC_AllocaHelper@12      004673e0 f   LIBCMTD:stack.obj
 0002:00023420       @_RTC_CheckStackVars2@12   00467420 f   LIBCMTD:stack.obj
 0002:00023530       __RTC_InitBase             00467530 f   LIBCMTD:init.obj
 0002:00023570       __RTC_Shutdown             00467570 f   LIBCMTD:init.obj
 0002:00023590       ?name@type_info@@QBEPBDPAU__type_info_node@@@Z 00467590 f   LIBCMTD:typinfo.obj
 0002:000235c0       ??1type_info@@UAE@XZ       004675c0 f   LIBCMTD:typinfo.obj
 0002:000235f0       ??_Etype_info@@UAEPAXI@Z   004675f0 f i LIBCMTD:typinfo.obj
 0002:000235f0       ??_Gtype_info@@UAEPAXI@Z   004675f0 f i LIBCMTD:typinfo.obj
 0002:00023630       ?_name_internal_method@type_info@@QBEPBDPAU__type_info_node@@@Z 00467630 f   LIBCMTD:typinfo.obj
 0002:00023660       ?_type_info_dtor_internal_method@type_info@@QAEXXZ 00467660 f   LIBCMTD:typinfo.obj
 0002:00023680       ??8type_info@@QBE_NABV0@@Z 00467680 f   LIBCMTD:typinfo.obj
 0002:000236c0       ??9type_info@@QBE_NABV0@@Z 004676c0 f   LIBCMTD:typinfo.obj
 0002:00023700       ?before@type_info@@QBEHABV1@@Z 00467700 f   LIBCMTD:typinfo.obj
 0002:00023740       ?raw_name@type_info@@QBEPBDXZ 00467740 f   LIBCMTD:typinfo.obj
 0002:00023760       ??0type_info@@AAE@ABV0@@Z  00467760 f   LIBCMTD:typinfo.obj
 0002:00023780       ??4type_info@@AAEAAV0@ABV0@@Z 00467780 f   LIBCMTD:typinfo.obj
 0002:000237a0       __purecall                 004677a0 f   LIBCMTD:purevirt.obj
 0002:000237f0       __set_purecall_handler     004677f0 f   LIBCMTD:purevirt.obj
 0002:00023840       __get_purecall_handler     00467840 f   LIBCMTD:purevirt.obj
 0002:00023860       _fclose                    00467860 f   LIBCMTD:fclose.obj
 0002:000239b0       __fclose_nolock            004679b0 f   LIBCMTD:fclose.obj
 0002:00023af0       _vfscanf                   00467af0 f   LIBCMTD:fscanf.obj
 0002:00023e60       _fscanf                    00467e60 f   LIBCMTD:fscanf.obj
 0002:00023ea0       __fscanf_l                 00467ea0 f   LIBCMTD:fscanf.obj
 0002:00023ee0       _fscanf_s                  00467ee0 f   LIBCMTD:fscanf.obj
 0002:00023f20       __fscanf_s_l               00467f20 f   LIBCMTD:fscanf.obj
 0002:00023f60       __fsopen                   00467f60 f   LIBCMTD:fopen.obj
 0002:000241f0       _fopen                     004681f0 f   LIBCMTD:fopen.obj
 0002:00024210       _fopen_s                   00468210 f   LIBCMTD:fopen.obj
 0002:000242e0       _srand                     004682e0 f   LIBCMTD:rand.obj
 0002:00024300       _rand                      00468300 f   LIBCMTD:rand.obj
 0002:00024350       __fpmath                   00468350 f   LIBCMTD:fpinit.obj
 0002:00024380       __fpclear                  00468380 f   LIBCMTD:fpinit.obj
 0002:00024390       __cfltcvt_init             00468390 f   LIBCMTD:fpinit.obj
 0002:00024420       ___setfflag                00468420 f   LIBCMTD:fpinit.obj
 0002:00024450       __ftol2_sse                00468450 f   LIBCMTD:ftol2.obj
 0002:00024459       __ftol2_pentium4           00468459 f   LIBCMTD:ftol2.obj
 0002:0002446c       __ftol2_sse_excpt          0046846c f   LIBCMTD:ftol2.obj
 0002:00024486       __ftol2                    00468486 f   LIBCMTD:ftol2.obj
 0002:00024530       _strcmp                    00468530 f   LIBCMTD:strcmp.obj
 0002:000245e0       __CxxThrowException@8      004685e0 f   LIBCMTD:throw.obj
 0002:00024650       ??0exception@std@@QAE@XZ   00468650 f   LIBCMTD:stdexcpt.obj
 0002:00024690       ??_Eexception@std@@UAEPAXI@Z 00468690 f i LIBCMTD:stdexcpt.obj
 0002:00024690       ??_Gexception@std@@UAEPAXI@Z 00468690 f i LIBCMTD:stdexcpt.obj
 0002:000246d0       ??0exception@std@@QAE@ABQBD@Z 004686d0 f   LIBCMTD:stdexcpt.obj
 0002:00024780       ??0exception@std@@QAE@ABQBDH@Z 00468780 f   LIBCMTD:stdexcpt.obj
 0002:000247c0       ??0exception@std@@QAE@ABV01@@Z 004687c0 f   LIBCMTD:stdexcpt.obj
 0002:00024890       ??4exception@std@@QAEAAV01@ABV01@@Z 00468890 f   LIBCMTD:stdexcpt.obj
 0002:00024960       ??1exception@std@@UAE@XZ   00468960 f   LIBCMTD:stdexcpt.obj
 0002:000249a0       ?what@exception@std@@UBEPBDXZ 004689a0 f   LIBCMTD:stdexcpt.obj
 0002:000249d0       ??0bad_cast@std@@QAE@PBD@Z 004689d0 f   LIBCMTD:stdexcpt.obj
 0002:00024a00       ??_Gbad_cast@std@@UAEPAXI@Z 00468a00 f i LIBCMTD:stdexcpt.obj
 0002:00024a00       ??_Ebad_cast@std@@UAEPAXI@Z 00468a00 f i LIBCMTD:stdexcpt.obj
 0002:00024a40       ??0bad_cast@std@@QAE@ABV01@@Z 00468a40 f   LIBCMTD:stdexcpt.obj
 0002:00024a70       ??1bad_cast@std@@UAE@XZ    00468a70 f   LIBCMTD:stdexcpt.obj
 0002:00024aa0       ??0bad_typeid@std@@QAE@PBD@Z 00468aa0 f   LIBCMTD:stdexcpt.obj
 0002:00024ad0       ??_Ebad_typeid@std@@UAEPAXI@Z 00468ad0 f i LIBCMTD:stdexcpt.obj
 0002:00024ad0       ??_Gbad_typeid@std@@UAEPAXI@Z 00468ad0 f i LIBCMTD:stdexcpt.obj
 0002:00024b10       ??0bad_typeid@std@@QAE@ABV01@@Z 00468b10 f   LIBCMTD:stdexcpt.obj
 0002:00024b40       ??1bad_typeid@std@@UAE@XZ  00468b40 f   LIBCMTD:stdexcpt.obj
 0002:00024b70       ??0__non_rtti_object@std@@QAE@PBD@Z 00468b70 f   LIBCMTD:stdexcpt.obj
 0002:00024ba0       ??_G__non_rtti_object@std@@UAEPAXI@Z 00468ba0 f i LIBCMTD:stdexcpt.obj
 0002:00024ba0       ??_E__non_rtti_object@std@@UAEPAXI@Z 00468ba0 f i LIBCMTD:stdexcpt.obj
 0002:00024be0       ??0__non_rtti_object@std@@QAE@ABV01@@Z 00468be0 f   LIBCMTD:stdexcpt.obj
 0002:00024c10       ??1__non_rtti_object@std@@UAE@XZ 00468c10 f   LIBCMTD:stdexcpt.obj
 0002:00024c40       _strlen                    00468c40 f   LIBCMTD:strlen.obj
 0002:00024cf0       __initp_misc_invarg        00468cf0 f   LIBCMTD:invarg.obj
 0002:00024d00       __invalid_parameter        00468d00 f   LIBCMTD:invarg.obj
 0002:00024d80       __invoke_watson            00468d80 f   LIBCMTD:invarg.obj
 0002:00024f00       __set_invalid_parameter_handler 00468f00 f   LIBCMTD:invarg.obj
 0002:00024f50       __get_invalid_parameter_handler 00468f50 f   LIBCMTD:invarg.obj
 0002:00024f90       ?_invalid_parameter@@YAXPBG00II@Z 00468f90 f   LIBCMTD:invarg.obj
 0002:00024fc0       ?_invoke_watson@@YAXPBG00II@Z 00468fc0 f   LIBCMTD:invarg.obj
 0002:00024ff0       __CrtSetReportHookW2       00468ff0 f   LIBCMTD:dbgrptw.obj
 0002:000253e0       __CrtDbgReportW            004693e0 f   LIBCMTD:dbgrptw.obj
 0002:00025430       __CrtDbgReportWV           00469430 f i LIBCMTD:dbgrptw.obj
 0002:00025840       __invoke_watson_if_error   00469840 f i LIBCMTD:dbgrptw.obj
 0002:00025880       __invoke_watson_if_oneof   00469880 f i LIBCMTD:dbgrptw.obj
 0002:000258d0       ___crtMessageWindowW       004698d0 f   LIBCMTD:dbgrptw.obj
 0002:00025dd0       ?_CrtDbgReportW@@YAHHPBGH00ZZ 00469dd0 f   LIBCMTD:dbgrptw.obj
 0002:00025e20       _malloc                    00469e20 f   LIBCMTD:dbgheap.obj
 0002:00025e50       __malloc_dbg               00469e50 f   LIBCMTD:dbgheap.obj
 0002:00025e90       __nh_malloc                00469e90 f   LIBCMTD:dbgheap.obj
 0002:00025ec0       __nh_malloc_dbg            00469ec0 f   LIBCMTD:dbgheap.obj
 0002:00025f40       __heap_alloc               00469f40 f   LIBCMTD:dbgheap.obj
 0002:00025f60       __heap_alloc_dbg           00469f60 f   LIBCMTD:dbgheap.obj
 0002:000263e0       _calloc                    0046a3e0 f   LIBCMTD:dbgheap.obj
 0002:00026410       __calloc_dbg               0046a410 f   LIBCMTD:dbgheap.obj
 0002:00026500       _realloc                   0046a500 f   LIBCMTD:dbgheap.obj
 0002:00026530       __recalloc                 0046a530 f   LIBCMTD:dbgheap.obj
 0002:00026600       __realloc_dbg              0046a600 f   LIBCMTD:dbgheap.obj
 0002:00026d40       __recalloc_dbg             0046ad40 f   LIBCMTD:dbgheap.obj
 0002:00026e20       __expand                   0046ae20 f   LIBCMTD:dbgheap.obj
 0002:00026e50       __expand_dbg               0046ae50 f   LIBCMTD:dbgheap.obj
 0002:00026fa0       _free                      0046afa0 f   LIBCMTD:dbgheap.obj
 0002:00026fc0       __free_nolock              0046afc0 f   LIBCMTD:dbgheap.obj
 0002:00026fe0       __free_dbg                 0046afe0 f   LIBCMTD:dbgheap.obj
 0002:00027080       __free_dbg_nolock          0046b080 f   LIBCMTD:dbgheap.obj
 0002:000275b0       __msize                    0046b5b0 f   LIBCMTD:dbgheap.obj
 0002:000275d0       __msize_dbg                0046b5d0 f   LIBCMTD:dbgheap.obj
 0002:00027830       __CrtSetBreakAlloc         0046b830 f   LIBCMTD:dbgheap.obj
 0002:00027860       __CrtSetDbgBlockType       0046b860 f   LIBCMTD:dbgheap.obj
 0002:00027980       __CrtSetAllocHook          0046b980 f   LIBCMTD:dbgheap.obj
 0002:000279b0       __CrtGetAllocHook          0046b9b0 f   LIBCMTD:dbgheap.obj
 0002:00027a20       __CrtCheckMemory           0046ba20 f   LIBCMTD:dbgheap.obj
 0002:00027e80       __CrtSetDbgFlag            0046be80 f   LIBCMTD:dbgheap.obj
 0002:00028020       __CrtDoForAllClientObjects 0046c020 f   LIBCMTD:dbgheap.obj
 0002:00028180       __CrtIsValidPointer        0046c180 f   LIBCMTD:dbgheap.obj
 0002:000281a0       __CrtIsValidHeapPointer    0046c1a0 f   LIBCMTD:dbgheap.obj
 0002:000282c0       __CrtIsMemoryBlock         0046c2c0 f   LIBCMTD:dbgheap.obj
 0002:00028490       __CrtReportBlockType       0046c490 f   LIBCMTD:dbgheap.obj
 0002:000284d0       __CrtSetDumpClient         0046c4d0 f   LIBCMTD:dbgheap.obj
 0002:00028500       __CrtGetDumpClient         0046c500 f   LIBCMTD:dbgheap.obj
 0002:00028510       __CrtMemCheckpoint         0046c510 f   LIBCMTD:dbgheap.obj
 0002:00028770       __CrtMemDifference         0046c770 f   LIBCMTD:dbgheap.obj
 0002:00028a10       __CrtMemDumpAllObjectsSince 0046ca10 f   LIBCMTD:dbgheap.obj
 0002:00028a60       ??0_LocaleUpdate@@QAE@PAUlocaleinfo_struct@@@Z 0046ca60 f i LIBCMTD:dbgheap.obj
 0002:00028b70       ??1_LocaleUpdate@@QAE@XZ   0046cb70 f i LIBCMTD:dbgheap.obj
 0002:00028bb0       ?GetLocaleT@_LocaleUpdate@@QAEPAUlocaleinfo_struct@@XZ 0046cbb0 f i LIBCMTD:dbgheap.obj
 0002:000291b0       __CrtDumpMemoryLeaks       0046d1b0 f   LIBCMTD:dbgheap.obj
 0002:00029230       __CrtMemDumpStatistics     0046d230 f   LIBCMTD:dbgheap.obj
 0002:00029380       __aligned_malloc           0046d380 f   LIBCMTD:dbgheap.obj
 0002:000293b0       __aligned_malloc_dbg       0046d3b0 f   LIBCMTD:dbgheap.obj
 0002:000293e0       __aligned_realloc          0046d3e0 f   LIBCMTD:dbgheap.obj
 0002:00029410       __aligned_recalloc         0046d410 f   LIBCMTD:dbgheap.obj
 0002:00029440       __aligned_realloc_dbg      0046d440 f   LIBCMTD:dbgheap.obj
[...]
 0004:00002e98       ?m_pGetParameter@UnDecorator@@0P6APADJ@ZA 004ede98     LIBCMTD:undname.obj
 0004:00002e9c       ?fExplicitTemplateParams@UnDecorator@@0_NA 004ede9c     LIBCMTD:undname.obj
 0004:00002e9d       ?fGetTemplateArgumentList@UnDecorator@@0_NA 004ede9d     LIBCMTD:undname.obj
 0004:00002f30       __commode                  004edf30     LIBCMTD:ncommode.obj
 0004:00002f34       __outputformat             004edf34     LIBCMTD:outputformat.obj
 0004:00002f40       ___lconv_static_null       004edf40     LIBCMTD:lconv.obj
 0004:00003028       __fmode                    004ee028     LIBCMTD:txtmode.obj
 0004:0000302c       __stdbuf                   004ee02c     LIBCMTD:_sftbuf.obj
 0004:000030c4       ___setlc_active            004ee0c4     <common>
 0004:000030d4       ___unguarded_readlc_active 004ee0d4     <common>
 0004:000030d8       ___sbh_initialized         004ee0d8     <common>
 0004:000030ec       ___sbh_cntHeaderList       004ee0ec     <common>
 0004:000030f0       ___sbh_pHeaderList         004ee0f0     <common>
 0004:000030f4       ___sbh_threshold           004ee0f4     <common>
 0004:000030f8       ___sbh_pHeaderScan         004ee0f8     <common>
 0004:000030fc       ___sbh_sizeHeaderList      004ee0fc     <common>
 0004:00003100       ___sbh_indGroupDefer       004ee100     <common>
 0004:00003104       ___active_heap             004ee104     <common>
 0004:00003110       __pfnReportHook            004ee110     <common>
 0004:00003120       __pReportHookListW         004ee120     <common>
 0004:00003124       __pReportHookList          004ee124     <common>
 0004:00003128       __debugger_hook_dummy      004ee128     <common>
 0004:00003134       ___use_sse2_mathfcns       004ee134     <common>
 0004:00003144       ___sse2_available          004ee144     <common>
 0004:00003148       __nhandle                  004ee148     <common>
 0004:000031a0       ___pioinfo                 004ee1a0     <common>
 0004:000032a0       ___piob                    004ee2a0     <common>
 0004:000035e0       __bufin                    004ee5e0     <common>
 0004:000045e0       __nstream                  004ef5e0     <common>
 0004:000045e4       __acmdln                   004ef5e4     <common>
 0004:000045f0       ___env_initialized         004ef5f0     <common>
 0004:00004600       ___onexitend               004ef600     <common>
 0004:00004604       ___onexitbegin             004ef604     <common>
 0004:00004608       ___mbctype_initialized     004ef608     <common>
 0004:0000460c       ___dyn_tls_init_callback   004ef60c     <common>
 0005:00000000       __IMPORT_DESCRIPTOR_mico2312 004f0000     mico2312:mico2312.dll
 0005:00000014       __IMPORT_DESCRIPTOR_alleg42 004f0014     alleg:alleg42.dll
 0005:00000028       __IMPORT_DESCRIPTOR_KERNEL32 004f0028     kernel32:KERNEL32.dll
 0005:0000003c       __NULL_IMPORT_DESCRIPTOR   004f003c     mico2312:mico2312.dll
 0005:00000448       __imp__GetCurrentProcess@0 004f0448     kernel32:KERNEL32.dll
 0005:0000044c       __imp__Sleep@4             004f044c     kernel32:KERNEL32.dll
 0005:00000450       __imp__SetEnvironmentVariableA@8 004f0450     kernel32:KERNEL32.dll
 0005:00000454       __imp__CompareStringW@24   004f0454     kernel32:KERNEL32.dll
 0005:00000458       __imp__CompareStringA@24   004f0458     kernel32:KERNEL32.dll
 0005:0000045c       __imp__GetTimeZoneInformation@4 004f045c     kernel32:KERNEL32.dll
 0005:00000460       __imp__SetEndOfFile@4      004f0460     kernel32:KERNEL32.dll
 0005:00000464       __imp__ReadFile@20         004f0464     kernel32:KERNEL32.dll
 0005:00000468       __imp__SetFilePointer@16   004f0468     kernel32:KERNEL32.dll
 0005:0000046c       __imp__GetConsoleOutputCP@0 004f046c     kernel32:KERNEL32.dll
 0005:00000470       __imp__WriteConsoleA@20    004f0470     kernel32:KERNEL32.dll
 0005:00000474       __imp__GetUserDefaultLCID@0 004f0474     kernel32:KERNEL32.dll
 0005:00000478       __imp__EnumSystemLocalesA@8 004f0478     kernel32:KERNEL32.dll
 0005:0000047c       __imp__IsValidCodePage@4   004f047c     kernel32:KERNEL32.dll
 0005:00000480       __imp__IsValidLocale@8     004f0480     kernel32:KERNEL32.dll
 0005:00000484       __imp__GetDateFormatA@24   004f0484     kernel32:KERNEL32.dll
 0005:00000488       __imp__GetTimeFormatA@24   004f0488     kernel32:KERNEL32.dll
 0005:0000048c       __imp__GetStringTypeW@16   004f048c     kernel32:KERNEL32.dll
 0005:00000490       __imp__GetStringTypeA@20   004f0490     kernel32:KERNEL32.dll
 0005:00000494       __imp__LCMapStringW@24     004f0494     kernel32:KERNEL32.dll
 0005:00000498       __imp__LCMapStringA@24     004f0498     kernel32:KERNEL32.dll
 0005:0000049c       __imp__CreateFileA@28      004f049c     kernel32:KERNEL32.dll
 0005:000004a0       __imp__GetConsoleMode@8    004f04a0     kernel32:KERNEL32.dll
 0005:000004a4       __imp__GetConsoleCP@0      004f04a4     kernel32:KERNEL32.dll
 0005:000004a8       __imp__FlushFileBuffers@4  004f04a8     kernel32:KERNEL32.dll
 0005:000004ac       __imp__SetStdHandle@8      004f04ac     kernel32:KERNEL32.dll
 0005:000004b0       __imp__GetLocaleInfoW@16   004f04b0     kernel32:KERNEL32.dll
 0005:000004b4       __imp__GetLocaleInfoA@16   004f04b4     kernel32:KERNEL32.dll
 0005:000004b8       __imp__VirtualQuery@12     004f04b8     kernel32:KERNEL32.dll
 0005:000004bc       __imp__GetEnvironmentStringsW@0 004f04bc     kernel32:KERNEL32.dll
 0005:000004c0       __imp__FreeEnvironmentStringsW@4 004f04c0     kernel32:KERNEL32.dll
 0005:000004c4       __imp__GetEnvironmentStrings@0 004f04c4     kernel32:KERNEL32.dll
 0005:000004c8       __imp__FreeEnvironmentStringsA@4 004f04c8     kernel32:KERNEL32.dll
 0005:000004cc       __imp__GetSystemTimeAsFileTime@4 004f04cc     kernel32:KERNEL32.dll
 0005:000004d0       __imp__GetCurrentProcessId@0 004f04d0     kernel32:KERNEL32.dll
 0005:000004d4       __imp__GetTickCount@0      004f04d4     kernel32:KERNEL32.dll
 0005:000004d8       __imp__QueryPerformanceCounter@4 004f04d8     kernel32:KERNEL32.dll
 0005:000004dc       __imp__InitializeCriticalSection@4 004f04dc     kernel32:KERNEL32.dll
 0005:000004e0       __imp__InterlockedExchange@8 004f04e0     kernel32:KERNEL32.dll
 0005:000004e4       __imp__FreeLibrary@4       004f04e4     kernel32:KERNEL32.dll
 0005:000004e8       __imp__GetCPInfo@8         004f04e8     kernel32:KERNEL32.dll
 0005:000004ec       __imp__GetOEMCP@0          004f04ec     kernel32:KERNEL32.dll
 0005:000004f0       __imp__GetACP@0            004f04f0     kernel32:KERNEL32.dll
 0005:000004f4       __imp__VirtualAlloc@16     004f04f4     kernel32:KERNEL32.dll
 0005:000004f8       __imp__VirtualFree@12      004f04f8     kernel32:KERNEL32.dll
 0005:000004fc       __imp__HeapCreate@12       004f04fc     kernel32:KERNEL32.dll
 0005:00000500       __imp__HeapDestroy@4       004f0500     kernel32:KERNEL32.dll
 0005:00000504       __imp__HeapReAlloc@16      004f0504     kernel32:KERNEL32.dll
 0005:00000508       __imp__LoadLibraryW@4      004f0508     kernel32:KERNEL32.dll
 0005:0000050c       __imp__SetConsoleCtrlHandler@8 004f050c     kernel32:KERNEL32.dll
 0005:00000510       __imp__OutputDebugStringW@4 004f0510     kernel32:KERNEL32.dll
 0005:00000514       __imp__WriteConsoleW@20    004f0514     kernel32:KERNEL32.dll
 0005:00000518       __imp__OutputDebugStringA@4 004f0518     kernel32:KERNEL32.dll
 0005:0000051c       __imp__GetFileType@4       004f051c     kernel32:KERNEL32.dll
 0005:00000520       __imp__SetHandleCount@4    004f0520     kernel32:KERNEL32.dll
 0005:00000524       __imp__CloseHandle@4       004f0524     kernel32:KERNEL32.dll
 0005:00000528       __imp__GetStdHandle@4      004f0528     kernel32:KERNEL32.dll
 0005:0000052c       __imp__WriteFile@20        004f052c     kernel32:KERNEL32.dll
 0005:00000530       __imp__GetModuleFileNameA@12 004f0530     kernel32:KERNEL32.dll
 0005:00000534       __imp__LoadLibraryA@4      004f0534     kernel32:KERNEL32.dll
 0005:00000538       __imp__lstrlenA@4          004f0538     kernel32:KERNEL32.dll
 0005:0000053c       __imp__MultiByteToWideChar@24 004f053c     kernel32:KERNEL32.dll
 0005:00000540       __imp__WideCharToMultiByte@32 004f0540     kernel32:KERNEL32.dll
 0005:00000544       __imp__DebugBreak@0        004f0544     kernel32:KERNEL32.dll
 0005:00000548       __imp__GetCurrentThread@0  004f0548     kernel32:KERNEL32.dll
 0005:0000054c       __imp__GetLastError@0      004f054c     kernel32:KERNEL32.dll
 0005:00000550       __imp__SetLastError@4      004f0550     kernel32:KERNEL32.dll
 0005:00000554       __imp__TlsFree@4           004f0554     kernel32:KERNEL32.dll
 0005:00000558       __imp__GetCurrentThreadId@0 004f0558     kernel32:KERNEL32.dll
 0005:0000055c       __imp__TlsSetValue@8       004f055c     kernel32:KERNEL32.dll
 0005:00000560       __imp__TlsAlloc@0          004f0560     kernel32:KERNEL32.dll
 0005:00000564       __imp__TlsGetValue@4       004f0564     kernel32:KERNEL32.dll
 0005:00000568       __imp__FatalAppExitA@8     004f0568     kernel32:KERNEL32.dll
 0005:0000056c       __imp__LeaveCriticalSection@4 004f056c     kernel32:KERNEL32.dll
 0005:00000570       __imp__EnterCriticalSection@4 004f0570     kernel32:KERNEL32.dll
 0005:00000574       __imp__DeleteCriticalSection@4 004f0574     kernel32:KERNEL32.dll
 0005:00000578       __imp__GetStartupInfoA@4   004f0578     kernel32:KERNEL32.dll
 0005:0000057c       __imp__GetProcessHeap@0    004f057c     kernel32:KERNEL32.dll
 0005:00000580       __imp__HeapAlloc@12        004f0580     kernel32:KERNEL32.dll
 0005:00000584       __imp__GetVersionExA@4     004f0584     kernel32:KERNEL32.dll
 0005:00000588       __imp__HeapFree@12         004f0588     kernel32:KERNEL32.dll
 0005:0000058c       __imp__GetCommandLineA@0   004f058c     kernel32:KERNEL32.dll
 0005:00000590       __imp__ExitProcess@4       004f0590     kernel32:KERNEL32.dll
 0005:00000594       __imp__GetModuleHandleA@4  004f0594     kernel32:KERNEL32.dll
 0005:00000598       __imp__GetProcAddress@8    004f0598     kernel32:KERNEL32.dll
 0005:0000059c       __imp__InterlockedDecrement@4 004f059c     kernel32:KERNEL32.dll
 0005:000005a0       __imp__InterlockedIncrement@4 004f05a0     kernel32:KERNEL32.dll
 0005:000005a4       __imp__IsBadReadPtr@8      004f05a4     kernel32:KERNEL32.dll
 0005:000005a8       __imp__HeapValidate@12     004f05a8     kernel32:KERNEL32.dll
 0005:000005ac       __imp__GetModuleFileNameW@12 004f05ac     kernel32:KERNEL32.dll
 0005:000005b0       __imp__IsDebuggerPresent@0 004f05b0     kernel32:KERNEL32.dll
 0005:000005b4       __imp__RtlUnwind@16        004f05b4     kernel32:KERNEL32.dll
 0005:000005b8       __imp__RaiseException@16   004f05b8     kernel32:KERNEL32.dll
 0005:000005bc       __imp__TerminateProcess@8  004f05bc     kernel32:KERNEL32.dll
 0005:000005c0       __imp__UnhandledExceptionFilter@4 004f05c0     kernel32:KERNEL32.dll
 0005:000005c4       __imp__SetUnhandledExceptionFilter@4 004f05c4     kernel32:KERNEL32.dll
 0005:000005c8       \177KERNEL32_NULL_THUNK_DATA 004f05c8     kernel32:KERNEL32.dll
 0005:00000640       __imp__calc_spline         004f0640     alleg:alleg42.dll
 0005:00000644       __imp___WinMain            004f0644     alleg:alleg42.dll
 0005:00000648       __imp__allegro_exit        004f0648     alleg:alleg42.dll
 0005:0000064c       __imp__install_int_ex      004f064c     alleg:alleg42.dll
 0005:00000650       __imp__vsync               004f0650     alleg:alleg42.dll
 0005:00000654       __imp__install_allegro     004f0654     alleg:alleg42.dll
 0005:00000658       __imp__set_color_depth     004f0658     alleg:alleg42.dll
 0005:0000065c       __imp__set_gfx_mode        004f065c     alleg:alleg42.dll
 0005:00000660       __imp__install_keyboard    004f0660     alleg:alleg42.dll
 0005:00000664       __imp__install_timer       004f0664     alleg:alleg42.dll
 0005:00000668       __imp__install_sound       004f0668     alleg:alleg42.dll
 0005:0000066c       __imp__create_bitmap       004f066c     alleg:alleg42.dll
 0005:00000670       __imp__clear_bitmap        004f0670     alleg:alleg42.dll
 0005:00000674       __imp__load_bitmap         004f0674     alleg:alleg42.dll
 0005:00000678       __imp__blit                004f0678     alleg:alleg42.dll
 0005:0000067c       __imp__screen              004f067c     alleg:alleg42.dll
 0005:00000680       __imp__rest                004f0680     alleg:alleg42.dll
 0005:00000684       __imp__key                 004f0684     alleg:alleg42.dll
 0005:00000688       __imp__destroy_bitmap      004f0688     alleg:alleg42.dll
 0005:0000068c       __imp__draw_sprite_h_flip  004f068c     alleg:alleg42.dll
 0005:00000690       __imp__makecol             004f0690     alleg:alleg42.dll
 0005:00000694       __imp__rectfill            004f0694     alleg:alleg42.dll
 0005:00000698       __imp__draw_sprite         004f0698     alleg:alleg42.dll
 0005:0000069c       __imp__play_sample         004f069c     alleg:alleg42.dll
 0005:000006a0       __imp__stop_midi           004f06a0     alleg:alleg42.dll
 0005:000006a4       __imp__getpixel            004f06a4     alleg:alleg42.dll
 0005:000006a8       __imp__play_midi           004f06a8     alleg:alleg42.dll
 0005:000006ac       __imp__destroy_sample      004f06ac     alleg:alleg42.dll
 0005:000006b0       __imp__load_sample         004f06b0     alleg:alleg42.dll
 0005:000006b4       __imp__load_midi           004f06b4     alleg:alleg42.dll
 0005:000006b8       __imp__masked_blit         004f06b8     alleg:alleg42.dll
 0005:000006bc       __imp__load_tga            004f06bc     alleg:alleg42.dll
 0005:000006c0       __imp__load_bmp            004f06c0     alleg:alleg42.dll
 0005:000006c4       __imp__allegro_message     004f06c4     alleg:alleg42.dll
 0005:000006c8       \177alleg42_NULL_THUNK_DATA 004f06c8     alleg:alleg42.dll
 0005:0000070c       __imp_??1StubBase@PortableServer@@UAE@XZ 004f070c     mico2312:mico2312.dll
 0005:00000710       __imp_??1StaticImplementation@PortableServer@@UAE@XZ 004f0710     mico2312:mico2312.dll
 0005:00000714       __imp_??1ServantBase@PortableServer@@UAE@XZ 004f0714     mico2312:mico2312.dll
 0005:00000718       __imp_?make_request@StaticImplementation@PortableServer@@UAEPAVServerRequestBase@CORBA@@PAVORBRequest@4@PAVObject@4@PAVORBInvokeRec@4@PAVObjectAdapter@4@PAVPrincipal@4@@Z 004f0718     mico2312:mico2312.dll
 0005:0000071c       __imp_?doinvoke@StaticImplementation@PortableServer@@UAEXPAVServerRequestBase@CORBA@@@Z 004f071c     mico2312:mico2312.dll
 0005:00000720       __imp_??0BAD_OPERATION@CORBA@@QAE@KW4completion_status@1@@Z 004f0720     mico2312:mico2312.dll
 0005:00000724       __imp_?exception@Environment@CORBA@@QAEXPAVException@2@@Z 004f0724     mico2312:mico2312.dll
 0005:00000728       __imp_?read_args@StaticServerRequest@CORBA@@QAEEXZ 004f0728     mico2312:mico2312.dll
 0005:0000072c       __imp_?value@StaticAny@CORBA@@QAEXPAVStaticTypeInfo@2@PBXE@Z 004f072c     mico2312:mico2312.dll
 0005:00000730       __imp_?write_results@StaticServerRequest@CORBA@@QAEXXZ 004f0730     mico2312:mico2312.dll
 0005:00000734       __imp_?add_in_arg@StaticServerRequest@CORBA@@QAEXPAVStaticAny@2@@Z 004f0734     mico2312:mico2312.dll
 0005:00000738       __imp_??0UNKNOWN@CORBA@@QAE@KW4completion_status@1@@Z 004f0738     mico2312:mico2312.dll
 0005:0000073c       __imp_?string_dup@CORBA@@YAPADPBD@Z 004f073c     mico2312:mico2312.dll
 0005:00000740       __imp_?_get_interface@ServantBase@PortableServer@@QAEPAVInterfaceDef@CORBA@@PBD@Z 004f0740     mico2312:mico2312.dll
 0005:00000744       __imp_??0OBJ_ADAPTER@CORBA@@QAE@KW4completion_status@1@@Z 004f0744     mico2312:mico2312.dll
 0005:00000748       __imp_??1OBJ_ADAPTER@CORBA@@UAE@XZ 004f0748     mico2312:mico2312.dll
 0005:0000074c       __imp_?_this@ServantBase@PortableServer@@QAEPAVObject@CORBA@@XZ 004f074c     mico2312:mico2312.dll
 0005:00000750       __imp_?_check@ServantBase@PortableServer@@UAEXXZ 004f0750     mico2312:mico2312.dll
 0005:00000754       __imp_?_remove_ref@ServantBase@PortableServer@@UAEXXZ 004f0754     mico2312:mico2312.dll
 0005:00000758       __imp_?_add_ref@ServantBase@PortableServer@@UAEXXZ 004f0758     mico2312:mico2312.dll
 0005:0000075c       __imp_?_get_component@ServantBase@PortableServer@@UAEPAVObject@CORBA@@XZ 004f075c     mico2312:mico2312.dll
 0005:00000760       __imp_?_non_existent@ServantBase@PortableServer@@UAEEXZ 004f0760     mico2312:mico2312.dll
 0005:00000764       __imp_?_default_POA@ServantBase@PortableServer@@UAEPAVPOA@2@XZ 004f0764     mico2312:mico2312.dll
 0005:00000768       __imp_?add_in_arg@StaticRequest@CORBA@@QAEXPAVStaticAny@2@@Z 004f0768     mico2312:mico2312.dll
 0005:0000076c       __imp_?_preinvoke@StubBase@PortableServer@@QAEPAVServantBase@2@XZ 004f076c     mico2312:mico2312.dll
 0005:00000770       __imp_?_postinvoke@StubBase@PortableServer@@QAEXXZ 004f0770     mico2312:mico2312.dll
 0005:00000774       __imp_?exception@StaticRequest@CORBA@@QAEPAVException@2@XZ 004f0774     mico2312:mico2312.dll
 0005:00000778       __imp_?_downcast@UnknownUserException@CORBA@@SAPAV12@PAVException@2@@Z 004f0778     mico2312:mico2312.dll
 0005:0000077c       __imp_?mico_assert@@YAXPBDH@Z 004f077c     mico2312:mico2312.dll
 0005:00000780       __imp_?exception@UnknownUserException@CORBA@@QAEAAVStaticAny@2@PAVStaticTypeInfo@2@@Z 004f0780     mico2312:mico2312.dll
 0005:00000784       __imp_??0UNKNOWN@CORBA@@QAE@XZ 004f0784     mico2312:mico2312.dll
 0005:00000788       __imp_??1UNKNOWN@CORBA@@UAE@XZ 004f0788     mico2312:mico2312.dll
 0005:0000078c       __imp_??0StaticRequest@CORBA@@QAE@PAVObject@1@PBD@Z 004f078c     mico2312:mico2312.dll
 0005:00000790       __imp_?invoke@StaticRequest@CORBA@@QAEXXZ 004f0790     mico2312:mico2312.dll
 0005:00000794       __imp_?_retn@StaticAny@CORBA@@QAEPAXXZ 004f0794     mico2312:mico2312.dll
 0005:00000798       __imp_??1StaticRequest@CORBA@@UAE@XZ 004f0798     mico2312:mico2312.dll
 0005:0000079c       __imp_??1StaticAny@CORBA@@QAE@XZ 004f079c     mico2312:mico2312.dll
 0005:000007a0       __imp_??0Object@CORBA@@QAE@ABV01@@Z 004f07a0     mico2312:mico2312.dll
 0005:000007a4       __imp_??0StubBase@PortableServer@@QAE@PAVPOA@1@@Z 004f07a4     mico2312:mico2312.dll
 0005:000007a8       __imp_??0StubBase@PortableServer@@IAE@XZ 004f07a8     mico2312:mico2312.dll
 0005:000007ac       __imp_?_stc_Object@CORBA@@3PAVStaticTypeInfo@1@A 004f07ac     mico2312:mico2312.dll
 0005:000007b0       __imp_?_deref@ServerlessObject@CORBA@@QAEEXZ 004f07b0     mico2312:mico2312.dll
 0005:000007b4       __imp_??0Object@CORBA@@QAE@PAVIOR@1@@Z 004f07b4     mico2312:mico2312.dll
 0005:000007b8       __imp_??1Object@CORBA@@UAE@XZ 004f07b8     mico2312:mico2312.dll
 0005:000007bc       __imp_?_ref@ServerlessObject@CORBA@@QAEXXZ 004f07bc     mico2312:mico2312.dll
 0005:000007c0       __imp_?objid@IOR@CORBA@@QBEPBDXZ 004f07c0     mico2312:mico2312.dll
 0005:000007c4       __imp_?_is_a_remote@Object@CORBA@@QAEEPBD@Z 004f07c4     mico2312:mico2312.dll
 0005:000007c8       __imp_??4Object@CORBA@@QAEAAV01@ABV01@@Z 004f07c8     mico2312:mico2312.dll
 0005:000007cc       __imp_?_stc_short@CORBA@@3PAVStaticTypeInfo@1@A 004f07cc     mico2312:mico2312.dll
 0005:000007d0       __imp_?_stc_octet@CORBA@@3PAVStaticTypeInfo@1@A 004f07d0     mico2312:mico2312.dll
 0005:000007d4       __imp_?_stc_boolean@CORBA@@3PAVStaticTypeInfo@1@A 004f07d4     mico2312:mico2312.dll
 0005:000007d8       __imp_?typecode@StaticTypeInfo@CORBA@@UAEPAVTypeCode@2@XZ 004f07d8     mico2312:mico2312.dll
 0005:000007dc       __imp_?release@StaticTypeInfo@CORBA@@UBEXPAX@Z 004f07dc     mico2312:mico2312.dll
 0005:000007e0       __imp_?copy@StaticTypeInfo@CORBA@@UBEPAXQAX@Z 004f07e0     mico2312:mico2312.dll
 0005:000007e4       __imp_??1StaticTypeInfo@CORBA@@MAE@XZ 004f07e4     mico2312:mico2312.dll
 0005:000007e8       \177mico2312_NULL_THUNK_DATA 004f07e8     mico2312:mico2312.dll

 entry point at        0002:0000139c

